Archive member included because of file (symbol)

O:\versionNew1st\DFRobot_Interrupts_T1_S1\LibLPC17xx\Debug\libLibLPC17xx.a(LPC17xx_ADC.o)
                              ./Source/dfrobot.o (ADC_Init)
O:\versionNew1st\DFRobot_Interrupts_T1_S1\LibLPC17xx\Debug\libLibLPC17xx.a(LPC17xx_ClockPower.o)
                              O:\versionNew1st\DFRobot_Interrupts_T1_S1\LibLPC17xx\Debug\libLibLPC17xx.a(LPC17xx_ADC.o) (CLKPWR_GetPCLK)
O:\versionNew1st\DFRobot_Interrupts_T1_S1\LibLPC17xx\Debug\libLibLPC17xx.a(LPC17xx_Config.o)
                              O:\versionNew1st\DFRobot_Interrupts_T1_S1\LibLPC17xx\Debug\libLibLPC17xx.a(LPC17xx_ADC.o) (check_failed)
O:\versionNew1st\DFRobot_Interrupts_T1_S1\LibLPC17xx\Debug\libLibLPC17xx.a(LPC17xx_GPIO.o)
                              ./Source/Buttons.o (GPIO_SetDir)
O:\versionNew1st\DFRobot_Interrupts_T1_S1\LibLPC17xx\Debug\libLibLPC17xx.a(LPC17xx_I2C.o)
                              ./Source/Main.o (I2C_Init)
O:\versionNew1st\DFRobot_Interrupts_T1_S1\LibLPC17xx\Debug\libLibLPC17xx.a(LPC17xx_LED2.o)
                              ./Source/Main.o (LED2_Init)
O:\versionNew1st\DFRobot_Interrupts_T1_S1\LibLPC17xx\Debug\libLibLPC17xx.a(LPC17xx_PinSelect.o)
                              ./Source/Main.o (PINSEL_ConfigPin)
O:\versionNew1st\DFRobot_Interrupts_T1_S1\LibLPC17xx\Debug\libLibLPC17xx.a(LPC17xx_SSP.o)
                              ./Source/Main.o (SSP_Init)
O:\versionNew1st\DFRobot_Interrupts_T1_S1\LibLPC17xx\Debug\libLibLPC17xx.a(LPC17xx_SysTick.o)
                              ./Source/Main.o (SYSTICK_GetCurrentValue)
O:\versionNew1st\DFRobot_Interrupts_T1_S1\LibLPC17xx\Debug\libLibLPC17xx.a(LPC17xx_Timer.o)
                              ./Source/Tune.o (converUSecToVal)
O:\versionNew1st\DFRobot_Interrupts_T1_S1\LibCMSIS\Debug\libLibCMSIS.a(System_LPC17xx.o)
                              ./Source/Main.o (SystemCoreClock)
c:/nxp/lpcxpresso_7.8.0_426/lpcxpresso/tools/bin/../lib/gcc/arm-none-eabi/4.9.3/armv7-m\libgcc.a(_arm_addsubdf3.o)
                              ./Source/Tune.o (__aeabi_ui2d)
c:/nxp/lpcxpresso_7.8.0_426/lpcxpresso/tools/bin/../lib/gcc/arm-none-eabi/4.9.3/armv7-m\libgcc.a(_arm_muldivdf3.o)
                              ./Source/Tune.o (__aeabi_dmul)
c:/nxp/lpcxpresso_7.8.0_426/lpcxpresso/tools/bin/../lib/gcc/arm-none-eabi/4.9.3/armv7-m\libgcc.a(_arm_fixunsdfsi.o)
                              ./Source/Tune.o (__aeabi_d2uiz)
c:/nxp/lpcxpresso_7.8.0_426/lpcxpresso/tools/bin/../lib/gcc/arm-none-eabi/4.9.3/armv7-m\libgcc.a(_arm_addsubsf3.o)
                              ./Source/Main.o (__aeabi_fadd)
c:/nxp/lpcxpresso_7.8.0_426/lpcxpresso/tools/bin/../lib/gcc/arm-none-eabi/4.9.3/armv7-m\libgcc.a(_arm_muldivsf3.o)
                              ./Source/Main.o (__aeabi_fmul)
c:/nxp/lpcxpresso_7.8.0_426/lpcxpresso/tools/bin/../lib/gcc/arm-none-eabi/4.9.3/armv7-m\libgcc.a(_arm_cmpsf2.o)
                              ./Source/Main.o (__aeabi_fcmpgt)
c:/nxp/lpcxpresso_7.8.0_426/lpcxpresso/tools/bin/../lib/gcc/arm-none-eabi/4.9.3/armv7-m\libgcc.a(_arm_fixunssfsi.o)
                              ./Source/Main.o (__aeabi_f2uiz)
c:/nxp/lpcxpresso_7.8.0_426/lpcxpresso/tools/bin/../lib/gcc/arm-none-eabi/4.9.3/armv7-m\libgcc.a(_aeabi_uldivmod.o)
                              O:\versionNew1st\DFRobot_Interrupts_T1_S1\LibLPC17xx\Debug\libLibLPC17xx.a(LPC17xx_Timer.o) (__aeabi_uldivmod)
c:/nxp/lpcxpresso_7.8.0_426/lpcxpresso/tools/bin/../lib/gcc/arm-none-eabi/4.9.3/armv7-m\libgcc.a(bpabi.o)
                              c:/nxp/lpcxpresso_7.8.0_426/lpcxpresso/tools/bin/../lib/gcc/arm-none-eabi/4.9.3/armv7-m\libgcc.a(_aeabi_uldivmod.o) (__gnu_uldivmod_helper)
c:/nxp/lpcxpresso_7.8.0_426/lpcxpresso/tools/bin/../lib/gcc/arm-none-eabi/4.9.3/armv7-m\libgcc.a(_dvmd_tls.o)
                              c:/nxp/lpcxpresso_7.8.0_426/lpcxpresso/tools/bin/../lib/gcc/arm-none-eabi/4.9.3/armv7-m\libgcc.a(_aeabi_uldivmod.o) (__aeabi_ldiv0)
c:/nxp/lpcxpresso_7.8.0_426/lpcxpresso/tools/bin/../lib/gcc/arm-none-eabi/4.9.3/armv7-m\libgcc.a(_divdi3.o)
                              c:/nxp/lpcxpresso_7.8.0_426/lpcxpresso/tools/bin/../lib/gcc/arm-none-eabi/4.9.3/armv7-m\libgcc.a(bpabi.o) (__divdi3)
c:/nxp/lpcxpresso_7.8.0_426/lpcxpresso/tools/bin/../lib/gcc/arm-none-eabi/4.9.3/armv7-m\libgcc.a(_udivdi3.o)
                              c:/nxp/lpcxpresso_7.8.0_426/lpcxpresso/tools/bin/../lib/gcc/arm-none-eabi/4.9.3/armv7-m\libgcc.a(bpabi.o) (__udivdi3)
c:/nxp/lpcxpresso_7.8.0_426/lpcxpresso/tools/bin/../lib/gcc/arm-none-eabi/4.9.3/../../../../arm-none-eabi/lib/armv7-m\libc.a(lib_a-memset.o)
                              ./Source/OLED.o (memset)
c:/nxp/lpcxpresso_7.8.0_426/lpcxpresso/tools/bin/../lib/gcc/arm-none-eabi/4.9.3/../../../../arm-none-eabi/lib/armv7-m\libc.a(lib_a-reent.o)
                              ./Source/NoSystem.o (errno)
c:/nxp/lpcxpresso_7.8.0_426/lpcxpresso/tools/bin/../lib/gcc/arm-none-eabi/4.9.3/../../../../arm-none-eabi/lib/armv7-m\libc.a(lib_a-snprintf.o)
[...]
Memory Configuration

Name             Origin             Length             Attributes
MFlash512        0x00000000         0x00080000         xr
RamLoc32         0x10000000         0x00008000         xrw
RamAHB32         0x2007c000         0x00008000         xrw
*default*        0x00000000         0xffffffff

Linker script and memory map

LOAD ./Source/Buttons.o
LOAD ./Source/Font5x7.o
LOAD ./Source/Main.o
LOAD ./Source/NoSystem.o
LOAD ./Source/OLED.o
LOAD ./Source/RotarySwitch.o
LOAD ./Source/SevenSegment.o
LOAD ./Source/Startup.o
LOAD ./Source/Tune.o
LOAD ./Source/dfrobot.o
LOAD ./Source/joystick.o
LOAD ./Source/new_string.o
LOAD ./Source/pca9532.o
LOAD O:\versionNew1st\DFRobot_Interrupts_T1_S1\LibLPC17xx\Debug\libLibLPC17xx.a
LOAD O:\versionNew1st\DFRobot_Interrupts_T1_S1\LibCMSIS\Debug\libLibCMSIS.a
START GROUP
LOAD c:/nxp/lpcxpresso_7.8.0_426/lpcxpresso/tools/bin/../lib/gcc/arm-none-eabi/4.9.3/armv7-m\libgcc.a
LOAD c:/nxp/lpcxpresso_7.8.0_426/lpcxpresso/tools/bin/../lib/gcc/arm-none-eabi/4.9.3/../../../../arm-none-eabi/lib/armv7-m\libc.a
LOAD c:/nxp/lpcxpresso_7.8.0_426/lpcxpresso/tools/bin/../lib/gcc/arm-none-eabi/4.9.3/../../../../arm-none-eabi/lib/armv7-m\libm.a
END GROUP
                0x00080000                __top_MFlash512 = 0x80000
                0x10008000                __top_RamLoc32 = 0x10008000
                0x20084000                __top_RamAHB32 = 0x20084000

.text           0x00000000     0x93e0
 FILL mask 0xff
                0x00000000                __vectors_start__ = ABSOLUTE (.)
 *(.isr_vector)
 .isr_vector    0x00000000       0xcc ./Source/Startup.o
                0x00000000                g_pfnVectors
                0x000000cc                . = ALIGN (0x4)
                0x000000cc                __section_table_start = .
                0x000000cc                __data_section_table = .
                0x000000cc        0x4 LONG 0x93e8 LOADADDR (.data)
                0x000000d0        0x4 LONG 0x10000000 ADDR (.data)
                0x000000d4        0x4 LONG 0xa04 SIZEOF (.data)
                0x000000d8        0x4 LONG 0x93e8 LOADADDR (.data_RAM2)
                0x000000dc        0x4 LONG 0x2007c000 ADDR (.data_RAM2)
                0x000000e0        0x4 LONG 0x0 SIZEOF (.data_RAM2)
                0x000000e4                __data_section_table_end = .
                0x000000e4                __bss_section_table = .
                0x000000e4        0x4 LONG 0x10000a04 ADDR (.bss)
                0x000000e8        0x4 LONG 0x398 SIZEOF (.bss)
                0x000000ec        0x4 LONG 0x2007c000 ADDR (.bss_RAM2)
                0x000000f0        0x4 LONG 0x0 SIZEOF (.bss_RAM2)
                0x000000f4                __bss_section_table_end = .
                0x000000f4                __section_table_end = .
 *(.after_vectors*)
 *(.text*)
 .text.NVIC_EnableIRQ
                0x000000f4       0x30 ./Source/Main.o
 .text.NVIC_SetPriority
                0x00000124       0x54 ./Source/Main.o
 .text.SysTick_Config
                0x00000178       0x44 ./Source/Main.o
 .text.index_change
                0x000001bc       0xe0 ./Source/Main.o
                0x000001bc                index_change
 .text.index_change2
                0x0000029c       0xe0 ./Source/Main.o
                0x0000029c                index_change2
 .text.SysTick_Handler
                0x0000037c       0xa4 ./Source/Main.o
                0x0000037c                SysTick_Handler
 .text.Init_SysTick100ms
                0x00000420       0x28 ./Source/Main.o
                0x00000420                Init_SysTick100ms
 .text.Init_SSP
                0x00000448       0x78 ./Source/Main.o
 .text.Init_I2C
                0x000004c0       0x48 ./Source/Main.o
 .text.Init     0x00000508       0xd4 ./Source/Main.o
                0x00000508                Init
 .text.main     0x000005dc       0xf4 ./Source/Main.o
                0x000005dc                main
 .text.EINT3_IRQHandler
                0x000006d0      0x83c ./Source/Main.o
                0x000006d0                EINT3_IRQHandler
 .text._sbrk    0x00000f0c       0x4c ./Source/NoSystem.o
                0x00000f0c                _sbrk
 .text.WriteCommand
                0x00000f58       0x4c ./Source/OLED.o
 .text.WriteData
                0x00000fa4       0x4c ./Source/OLED.o
 .text.WriteDataLength
                0x00000ff0       0x78 ./Source/OLED.o
 .text.RunInitSequence
                0x00001068       0xd4 ./Source/OLED.o
 .text.OLED_Init
                0x0000113c       0x70 ./Source/OLED.o
                0x0000113c                OLED_Init
 .text.OLED_ClearScreen
                0x000011ac       0x60 ./Source/OLED.o
                0x000011ac                OLED_ClearScreen
 .text.OLED_Pixel
                0x0000120c      0x148 ./Source/OLED.o
                0x0000120c                OLED_Pixel
 .text.OLED_Char
                0x00001354       0xe0 ./Source/OLED.o
                0x00001354                OLED_Char
 .text.WriteOLEDString
                0x00001434       0x68 ./Source/OLED.o
                0x00001434                WriteOLEDString
 .text.RotarySwitch_Init
                0x0000149c       0x14 ./Source/RotarySwitch.o
                0x0000149c                RotarySwitch_Init
 .text.SevenSegment_Init
                0x000014b0       0x18 ./Source/SevenSegment.o
                0x000014b0                SevenSegment_Init
 .text.SevenSegment_SetCharacter
                0x000014c8       0x74 ./Source/SevenSegment.o
                0x000014c8                SevenSegment_SetCharacter
 .text.ResetISR
                0x0000153c       0x58 ./Source/Startup.o
                0x0000153c                ResetISR
 .text.NMI_Handler
                0x00001594        0x8 ./Source/Startup.o
                0x00001594                NMI_Handler
 .text.HardFault_Handler
                0x0000159c        0x8 ./Source/Startup.o
                0x0000159c                HardFault_Handler
 .text.MemManage_Handler
                0x000015a4        0x8 ./Source/Startup.o
                0x000015a4                MemManage_Handler
 .text.BusFault_Handler
                0x000015ac        0x8 ./Source/Startup.o
                0x000015ac                BusFault_Handler
 .text.UsageFault_Handler
                0x000015b4        0x8 ./Source/Startup.o
                0x000015b4                UsageFault_Handler
 .text.SVCall_Handler
                0x000015bc        0x8 ./Source/Startup.o
                0x000015bc                SVCall_Handler
 .text.DebugMon_Handler
                0x000015c4        0x8 ./Source/Startup.o
                0x000015c4                DebugMon_Handler
 .text.PendSV_Handler
                0x000015cc        0x8 ./Source/Startup.o
                0x000015cc                PendSV_Handler
 .text.IntDefaultHandler
                0x000015d4        0x8 ./Source/Startup.o
                0x000015d4                RIT_IRQHandler
                0x000015d4                I2C0_IRQHandler
                0x000015d4                USBActivity_IRQHandler
                0x000015d4                PWM1_IRQHandler
                0x000015d4                I2C1_IRQHandler
                0x000015d4                EINT2_IRQHandler
                0x000015d4                UART1_IRQHandler
                0x000015d4                CANActivity_IRQHandler
                0x000015d4                UART0_IRQHandler
                0x000015d4                IntDefaultHandler
                0x000015d4                PLL0_IRQHandler
                0x000015d4                CAN_IRQHandler
                0x000015d4                PLL1_IRQHandler
                0x000015d4                SSP0_IRQHandler
                0x000015d4                I2S_IRQHandler
                0x000015d4                I2C2_IRQHandler
                0x000015d4                RTC_IRQHandler
                0x000015d4                SPI_IRQHandler
                0x000015d4                EINT1_IRQHandler
                0x000015d4                UART2_IRQHandler
                0x000015d4                ADC_IRQHandler
                0x000015d4                SSP1_IRQHandler
                0x000015d4                USB_IRQHandler
                0x000015d4                BOD_IRQHandler
                0x000015d4                WDT_IRQHandler
                0x000015d4                QEI_IRQHandler
                0x000015d4                EINT0_IRQHandler
                0x000015d4                DMA_IRQHandler
                0x000015d4                UART3_IRQHandler
                0x000015d4                MCPWM_IRQHandler
                0x000015d4                ENET_IRQHandler
 .text.GetNote  0x000015dc       0x4c ./Source/Tune.o
 .text.GetDuration
                0x00001628       0x34 ./Source/Tune.o
 .text.GetPause
                0x0000165c       0x44 ./Source/Tune.o
 .text.PlaySong
                0x000016a0      0x1f4 ./Source/Tune.o
 .text.Tune_Init
                0x00001894       0x68 ./Source/Tune.o
                0x00001894                Tune_Init
 .text.Tune_PlaySong
                0x000018fc      0x10c ./Source/Tune.o
                0x000018fc                Tune_PlaySong
 .text.Tune_PauseSong
                0x00001a08      0x1a8 ./Source/Tune.o
                0x00001a08                Tune_PauseSong
 .text.Tune_StopSong
                0x00001bb0      0x1b0 ./Source/Tune.o
                0x00001bb0                Tune_StopSong
 .text.Tune_SetTempo
                0x00001d60       0x20 ./Source/Tune.o
                0x00001d60                Tune_SetTempo
 .text.Tune_SetPitch
                0x00001d80       0x20 ./Source/Tune.o
                0x00001d80                Tune_SetPitch
 .text.MiliToMicroSec
                0x00001da0       0x20 ./Source/Tune.o
                0x00001da0                MiliToMicroSec
 .text.TIMER0_IRQHandler
                0x00001dc0       0x54 ./Source/Tune.o
                0x00001dc0                TIMER0_IRQHandler
 .text.TIMER1_IRQHandler
                0x00001e14       0xb8 ./Source/Tune.o
                0x00001e14                TIMER1_IRQHandler
 .text.TIMER2_IRQHandler
                0x00001ecc       0x28 ./Source/Tune.o
                0x00001ecc                TIMER2_IRQHandler
 .text.TIMER3_IRQHandler
                0x00001ef4       0x1c ./Source/Tune.o
                0x00001ef4                TIMER3_IRQHandler
 .text.DFR_PWMInit
                0x00001f10       0x8c ./Source/dfrobot.o
                0x00001f10                DFR_PWMInit
 .text.DFR_SetPWM
                0x00001f9c       0x58 ./Source/dfrobot.o
                0x00001f9c                DFR_SetPWM
 .text.DFR_ScalePWM
                0x00001ff4       0x98 ./Source/dfrobot.o
                0x00001ff4                DFR_ScalePWM
 .text.DFR_RobotInit
                0x0000208c       0x8c ./Source/dfrobot.o
                0x0000208c                DFR_RobotInit
 .text.DFR_DriveForward
                0x00002118       0x28 ./Source/dfrobot.o
                0x00002118                DFR_DriveForward
 .text.DFR_DriveBackward
                0x00002140       0x28 ./Source/dfrobot.o
                0x00002140                DFR_DriveBackward
 .text.DFR_DriveRight
                0x00002168       0x30 ./Source/dfrobot.o
                0x00002168                DFR_DriveRight
 .text.DFR_DriveLeft
                0x00002198       0x30 ./Source/dfrobot.o
                0x00002198                DFR_DriveLeft
 .text.DFR_DriveStop
                0x000021c8       0x18 ./Source/dfrobot.o
                0x000021c8                DFR_DriveStop
 .text.DFR_GetRightWheelCount
                0x000021e0       0x18 ./Source/dfrobot.o
                0x000021e0                DFR_GetRightWheelCount
 .text.DFR_SetRightWheelCount
                0x000021f8       0x20 ./Source/dfrobot.o
                0x000021f8                DFR_SetRightWheelCount
 .text.DFR_IncRightWheelCount
                0x00002218       0x24 ./Source/dfrobot.o
                0x00002218                DFR_IncRightWheelCount
 .text.DFR_SetRightWheelDestination
                0x0000223c       0x20 ./Source/dfrobot.o
                0x0000223c                DFR_SetRightWheelDestination
 .text.DFR_GetRightWheelDestination
                0x0000225c       0x18 ./Source/dfrobot.o
                0x0000225c                DFR_GetRightWheelDestination
 .text.DFR_GetLeftWheelCount
                0x00002274       0x18 ./Source/dfrobot.o
                0x00002274                DFR_GetLeftWheelCount
 .text.DFR_SetLeftWheelCount
                0x0000228c       0x20 ./Source/dfrobot.o
                0x0000228c                DFR_SetLeftWheelCount
 .text.DFR_IncLeftWheelCount
                0x000022ac       0x24 ./Source/dfrobot.o
                0x000022ac                DFR_IncLeftWheelCount
 .text.DFR_SetLeftWheelDestination
                0x000022d0       0x20 ./Source/dfrobot.o
                0x000022d0                DFR_SetLeftWheelDestination
 .text.DFR_GetLeftWheelDestination
                0x000022f0       0x18 ./Source/dfrobot.o
                0x000022f0                DFR_GetLeftWheelDestination
 .text.DFR_ClearWheelCounts
                0x00002308       0x14 ./Source/dfrobot.o
                0x00002308                DFR_ClearWheelCounts
 .text.DFR_IncGear
                0x0000231c       0x2c ./Source/dfrobot.o
                0x0000231c                DFR_IncGear
 .text.DFR_DecGear
                0x00002348       0x2c ./Source/dfrobot.o
                0x00002348                DFR_DecGear
 .text.DFR_GetGear
                0x00002374       0x18 ./Source/dfrobot.o
                0x00002374                DFR_GetGear
 .text.joystick_init
                0x0000238c       0x1c ./Source/joystick.o
                0x0000238c                joystick_init
 .text.floatToString
                0x000023a8       0x30 ./Source/new_string.o
                0x000023a8                floatToString
 .text.I2CWrite
                0x000023d8       0x50 ./Source/pca9532.o
 .text.setLsStates
                0x00002428       0xcc ./Source/pca9532.o
 .text.setLeds  0x000024f4       0x80 ./Source/pca9532.o
 .text.pca9532_init
                0x00002574        0xc ./Source/pca9532.o
                0x00002574                pca9532_init
 .text.pca9532_setLeds
                0x00002580       0x78 ./Source/pca9532.o
                0x00002580                pca9532_setLeds
 .text.CLKPWR_SetPCLKDiv
                0x000025f8       0x8c O:\versionNew1st\DFRobot_Interrupts_T1_S1\LibLPC17xx\Debug\libLibLPC17xx.a(LPC17xx_ClockPower.o)
                0x000025f8                CLKPWR_SetPCLKDiv
 .text.CLKPWR_GetPCLKSEL
                0x00002684       0x4c O:\versionNew1st\DFRobot_Interrupts_T1_S1\LibLPC17xx\Debug\libLibLPC17xx.a(LPC17xx_ClockPower.o)
                0x00002684                CLKPWR_GetPCLKSEL
 .text.CLKPWR_GetPCLK
                0x000026d0       0x64 O:\versionNew1st\DFRobot_Interrupts_T1_S1\LibLPC17xx\Debug\libLibLPC17xx.a(LPC17xx_ClockPower.o)
                0x000026d0                CLKPWR_GetPCLK
 .text.CLKPWR_ConfigPPWR
                0x00002734       0x58 O:\versionNew1st\DFRobot_Interrupts_T1_S1\LibLPC17xx\Debug\libLibLPC17xx.a(LPC17xx_ClockPower.o)
                0x00002734                CLKPWR_ConfigPPWR
 .text.check_failed
                0x0000278c        0xc O:\versionNew1st\DFRobot_Interrupts_T1_S1\LibLPC17xx\Debug\libLibLPC17xx.a(LPC17xx_Config.o)
                0x0000278c                check_failed
 .text.GPIO_GetPointer
                0x00002798       0x74 O:\versionNew1st\DFRobot_Interrupts_T1_S1\LibLPC17xx\Debug\libLibLPC17xx.a(LPC17xx_GPIO.o)
 .text.GPIO_SetDir
                0x0000280c       0x48 O:\versionNew1st\DFRobot_Interrupts_T1_S1\LibLPC17xx\Debug\libLibLPC17xx.a(LPC17xx_GPIO.o)
                0x0000280c                GPIO_SetDir
 .text.GPIO_SetValue
                0x00002854       0x28 O:\versionNew1st\DFRobot_Interrupts_T1_S1\LibLPC17xx\Debug\libLibLPC17xx.a(LPC17xx_GPIO.o)
                0x00002854                GPIO_SetValue
 .text.GPIO_ClearValue
                0x0000287c       0x28 O:\versionNew1st\DFRobot_Interrupts_T1_S1\LibLPC17xx\Debug\libLibLPC17xx.a(LPC17xx_GPIO.o)
                0x0000287c                GPIO_ClearValue
 .text.GPIO_IntCmd
                0x000028a4       0x70 O:\versionNew1st\DFRobot_Interrupts_T1_S1\LibLPC17xx\Debug\libLibLPC17xx.a(LPC17xx_GPIO.o)
                0x000028a4                GPIO_IntCmd
 .text.GPIO_ClearInt
                0x00002914       0x38 O:\versionNew1st\DFRobot_Interrupts_T1_S1\LibLPC17xx\Debug\libLibLPC17xx.a(LPC17xx_GPIO.o)
                0x00002914                GPIO_ClearInt
 .text.NVIC_EnableIRQ
                0x0000294c       0x30 O:\versionNew1st\DFRobot_Interrupts_T1_S1\LibLPC17xx\Debug\libLibLPC17xx.a(LPC17xx_I2C.o)
 .text.NVIC_DisableIRQ
                0x0000297c       0x34 O:\versionNew1st\DFRobot_Interrupts_T1_S1\LibLPC17xx\Debug\libLibLPC17xx.a(LPC17xx_I2C.o)
 .text.I2C_getNum
                0x000029b0       0x48 O:\versionNew1st\DFRobot_Interrupts_T1_S1\LibLPC17xx\Debug\libLibLPC17xx.a(LPC17xx_I2C.o)
 .text.I2C_Start
                0x000029f8       0x3c O:\versionNew1st\DFRobot_Interrupts_T1_S1\LibLPC17xx\Debug\libLibLPC17xx.a(LPC17xx_I2C.o)
                0x000029f8                I2C_Start
 .text.I2C_Stop
                0x00002a34       0x30 O:\versionNew1st\DFRobot_Interrupts_T1_S1\LibLPC17xx\Debug\libLibLPC17xx.a(LPC17xx_I2C.o)
                0x00002a34                I2C_Stop
 .text.I2C_SendByte
                0x00002a64       0x6c O:\versionNew1st\DFRobot_Interrupts_T1_S1\LibLPC17xx\Debug\libLibLPC17xx.a(LPC17xx_I2C.o)
 .text.I2C_GetByte
                0x00002ad0       0x48 O:\versionNew1st\DFRobot_Interrupts_T1_S1\LibLPC17xx\Debug\libLibLPC17xx.a(LPC17xx_I2C.o)
 .text.I2C_SetClock
                0x00002b18       0xa4 O:\versionNew1st\DFRobot_Interrupts_T1_S1\LibLPC17xx\Debug\libLibLPC17xx.a(LPC17xx_I2C.o)
                0x00002b18                I2C_SetClock
 .text.I2C_Init
                0x00002bbc       0xa4 O:\versionNew1st\DFRobot_Interrupts_T1_S1\LibLPC17xx\Debug\libLibLPC17xx.a(LPC17xx_I2C.o)
                0x00002bbc                I2C_Init
 .text.I2C_Cmd  0x00002c60       0x80 O:\versionNew1st\DFRobot_Interrupts_T1_S1\LibLPC17xx\Debug\libLibLPC17xx.a(LPC17xx_I2C.o)
                0x00002c60                I2C_Cmd
 .text.I2C_IntCmd
                0x00002ce0       0x84 O:\versionNew1st\DFRobot_Interrupts_T1_S1\LibLPC17xx\Debug\libLibLPC17xx.a(LPC17xx_I2C.o)
                0x00002ce0                I2C_IntCmd
 .text.I2C_MasterHanleStates
                0x00002d64      0x2fc O:\versionNew1st\DFRobot_Interrupts_T1_S1\LibLPC17xx\Debug\libLibLPC17xx.a(LPC17xx_I2C.o)
                0x00002d64                I2C_MasterHanleStates
 .text.I2C_MasterTransferData
                0x00003060      0x130 O:\versionNew1st\DFRobot_Interrupts_T1_S1\LibLPC17xx\Debug\libLibLPC17xx.a(LPC17xx_I2C.o)
                0x00003060                I2C_MasterTransferData
 .text.LED2_Init
                0x00003190       0x2c O:\versionNew1st\DFRobot_Interrupts_T1_S1\LibLPC17xx\Debug\libLibLPC17xx.a(LPC17xx_LED2.o)
                0x00003190                LED2_Init
 .text.LED2_On  0x000031bc       0x18 O:\versionNew1st\DFRobot_Interrupts_T1_S1\LibLPC17xx\Debug\libLibLPC17xx.a(LPC17xx_LED2.o)
                0x000031bc                LED2_On
 .text.set_PinFunc
                0x000031d4       0x80 O:\versionNew1st\DFRobot_Interrupts_T1_S1\LibLPC17xx\Debug\libLibLPC17xx.a(LPC17xx_PinSelect.o)
 .text.set_ResistorMode
                0x00003254       0x80 O:\versionNew1st\DFRobot_Interrupts_T1_S1\LibLPC17xx\Debug\libLibLPC17xx.a(LPC17xx_PinSelect.o)
 .text.set_OpenDrainMode
                0x000032d4       0x6c O:\versionNew1st\DFRobot_Interrupts_T1_S1\LibLPC17xx\Debug\libLibLPC17xx.a(LPC17xx_PinSelect.o)
 .text.PINSEL_ConfigPin
                0x00003340       0x50 O:\versionNew1st\DFRobot_Interrupts_T1_S1\LibLPC17xx\Debug\libLibLPC17xx.a(LPC17xx_PinSelect.o)
                0x00003340                PINSEL_ConfigPin
 .text.setSSPclock
                0x00003390       0xc4 O:\versionNew1st\DFRobot_Interrupts_T1_S1\LibLPC17xx\Debug\libLibLPC17xx.a(LPC17xx_SSP.o)
 .text.SSP_Init
                0x00003454       0x9c O:\versionNew1st\DFRobot_Interrupts_T1_S1\LibLPC17xx\Debug\libLibLPC17xx.a(LPC17xx_SSP.o)
                0x00003454                SSP_Init
 .text.SSP_GetDataSize
                0x000034f0       0x40 O:\versionNew1st\DFRobot_Interrupts_T1_S1\LibLPC17xx\Debug\libLibLPC17xx.a(LPC17xx_SSP.o)
                0x000034f0                SSP_GetDataSize
 .text.SSP_ConfigStructInit
                0x00003530       0x3c O:\versionNew1st\DFRobot_Interrupts_T1_S1\LibLPC17xx\Debug\libLibLPC17xx.a(LPC17xx_SSP.o)
                0x00003530                SSP_ConfigStructInit
 .text.SSP_Cmd  0x0000356c       0x6c O:\versionNew1st\DFRobot_Interrupts_T1_S1\LibLPC17xx\Debug\libLibLPC17xx.a(LPC17xx_SSP.o)
                0x0000356c                SSP_Cmd
 .text.SSP_SendData
                0x000035d8       0x40 O:\versionNew1st\DFRobot_Interrupts_T1_S1\LibLPC17xx\Debug\libLibLPC17xx.a(LPC17xx_SSP.o)
                0x000035d8                SSP_SendData
 .text.SSP_ReceiveData
                0x00003618       0x3c O:\versionNew1st\DFRobot_Interrupts_T1_S1\LibLPC17xx\Debug\libLibLPC17xx.a(LPC17xx_SSP.o)
                0x00003618                SSP_ReceiveData
 .text.SSP_ReadWrite
                0x00003654      0x364 O:\versionNew1st\DFRobot_Interrupts_T1_S1\LibLPC17xx\Debug\libLibLPC17xx.a(LPC17xx_SSP.o)
                0x00003654                SSP_ReadWrite
 .text.SYSTICK_GetCurrentValue
                0x000039b8       0x18 O:\versionNew1st\DFRobot_Interrupts_T1_S1\LibLPC17xx\Debug\libLibLPC17xx.a(LPC17xx_SysTick.o)
                0x000039b8                SYSTICK_GetCurrentValue
 .text.getPClock
                0x000039d0       0x5c O:\versionNew1st\DFRobot_Interrupts_T1_S1\LibLPC17xx\Debug\libLibLPC17xx.a(LPC17xx_Timer.o)
 .text.converUSecToVal
                0x00003a2c       0x60 O:\versionNew1st\DFRobot_Interrupts_T1_S1\LibLPC17xx\Debug\libLibLPC17xx.a(LPC17xx_Timer.o)
                0x00003a2c                converUSecToVal
 .text.SystemInit
                0x00003a8c      0x164 O:\versionNew1st\DFRobot_Interrupts_T1_S1\LibCMSIS\Debug\libLibCMSIS.a(System_LPC17xx.o)
                0x00003a8c                SystemInit
 .text          0x00003bf0      0x370 c:/nxp/lpcxpresso_7.8.0_426/lpcxpresso/tools/bin/../lib/gcc/arm-none-eabi/4.9.3/armv7-m\libgcc.a(_arm_addsubdf3.o)
                0x00003bf0                __aeabi_drsub
                0x00003bf8                __aeabi_dsub
                0x00003bf8                __subdf3
                0x00003bfc                __aeabi_dadd
                0x00003bfc                __adddf3
                0x00003e74                __floatunsidf
                0x00003e74                __aeabi_ui2d
                0x00003e94                __floatsidf
                0x00003e94                __aeabi_i2d
                0x00003eb8                __aeabi_f2d
                0x00003eb8                __extendsfdf2
                0x00003ef4                __floatundidf
                0x00003ef4                __aeabi_ul2d
                0x00003f04                __floatdidf
                0x00003f04                __aeabi_l2d
 .text          0x00003f60      0x424 c:/nxp/lpcxpresso_7.8.0_426/lpcxpresso/tools/bin/../lib/gcc/arm-none-eabi/4.9.3/armv7-m\libgcc.a(_arm_muldivdf3.o)
                0x00003f60                __aeabi_dmul
                0x00003f60                __muldf3
                0x000041b4                __divdf3
                0x000041b4                __aeabi_ddiv
 .text          0x00004384       0x40 c:/nxp/lpcxpresso_7.8.0_426/lpcxpresso/tools/bin/../lib/gcc/arm-none-eabi/4.9.3/armv7-m\libgcc.a(_arm_fixunsdfsi.o)
                0x00004384                __aeabi_d2uiz
                0x00004384                __fixunsdfsi
 .text          0x000043c4      0x21c c:/nxp/lpcxpresso_7.8.0_426/lpcxpresso/tools/bin/../lib/gcc/arm-none-eabi/4.9.3/armv7-m\libgcc.a(_arm_addsubsf3.o)
                0x000043c4                __aeabi_frsub
                0x000043cc                __subsf3
                0x000043cc                __aeabi_fsub
                0x000043d0                __aeabi_fadd
                0x000043d0                __addsf3
                0x00004530                __aeabi_ui2f
                0x00004530                __floatunsisf
                0x00004538                __aeabi_i2f
                0x00004538                __floatsisf
                0x00004554                __aeabi_ul2f
                0x00004554                __floatundisf
                0x00004564                __aeabi_l2f
                0x00004564                __floatdisf
 .text          0x000045e0      0x2a0 c:/nxp/lpcxpresso_7.8.0_426/lpcxpresso/tools/bin/../lib/gcc/arm-none-eabi/4.9.3/armv7-m\libgcc.a(_arm_muldivsf3.o)
                0x000045e0                __mulsf3
                0x000045e0                __aeabi_fmul
                0x00004748                __aeabi_fdiv
                0x00004748                __divsf3
 .text          0x00004880       0xec c:/nxp/lpcxpresso_7.8.0_426/lpcxpresso/tools/bin/../lib/gcc/arm-none-eabi/4.9.3/armv7-m\libgcc.a(_arm_cmpsf2.o)
                0x00004880                __gesf2
                0x00004880                __gtsf2
                0x00004888                __lesf2
                0x00004888                __ltsf2
                0x00004890                __nesf2
                0x00004890                __eqsf2
                0x00004890                __cmpsf2
                0x000048f0                __aeabi_cfrcmple
                0x000048f8                __aeabi_cfcmpeq
                0x000048f8                __aeabi_cfcmple
                0x00004908                __aeabi_fcmpeq
                0x0000491c                __aeabi_fcmplt
                0x00004930                __aeabi_fcmple
                0x00004944                __aeabi_fcmpge
                0x00004958                __aeabi_fcmpgt
 .text          0x0000496c       0x40 c:/nxp/lpcxpresso_7.8.0_426/lpcxpresso/tools/bin/../lib/gcc/arm-none-eabi/4.9.3/armv7-m\libgcc.a(_arm_fixunssfsi.o)
                0x0000496c                __fixunssfsi
                0x0000496c                __aeabi_f2uiz
 .text          0x000049ac       0x30 c:/nxp/lpcxpresso_7.8.0_426/lpcxpresso/tools/bin/../lib/gcc/arm-none-eabi/4.9.3/armv7-m\libgcc.a(_aeabi_uldivmod.o)
                0x000049ac                __aeabi_uldivmod
 .text          0x000049dc       0x60 c:/nxp/lpcxpresso_7.8.0_426/lpcxpresso/tools/bin/../lib/gcc/arm-none-eabi/4.9.3/armv7-m\libgcc.a(bpabi.o)
                0x000049dc                __gnu_ldivmod_helper
                0x00004a0c                __gnu_uldivmod_helper
 .text          0x00004a3c        0x4 c:/nxp/lpcxpresso_7.8.0_426/lpcxpresso/tools/bin/../lib/gcc/arm-none-eabi/4.9.3/armv7-m\libgcc.a(_dvmd_tls.o)
                0x00004a3c                __aeabi_idiv0
                0x00004a3c                __aeabi_ldiv0
 .text          0x00004a40      0x2ac c:/nxp/lpcxpresso_7.8.0_426/lpcxpresso/tools/bin/../lib/gcc/arm-none-eabi/4.9.3/armv7-m\libgcc.a(_divdi3.o)
                0x00004a40                __divdi3
 .text          0x00004cec      0x270 c:/nxp/lpcxpresso_7.8.0_426/lpcxpresso/tools/bin/../lib/gcc/arm-none-eabi/4.9.3/armv7-m\libgcc.a(_udivdi3.o)
                0x00004cec                __udivdi3
 .text.memset   0x00004f5c       0x9c c:/nxp/lpcxpresso_7.8.0_426/lpcxpresso/tools/bin/../lib/gcc/arm-none-eabi/4.9.3/../../../../arm-none-eabi/lib/armv7-m\libc.a(lib_a-memset.o)
                0x00004f5c                memset
 .text.snprintf
                0x00004ff8       0x98 c:/nxp/lpcxpresso_7.8.0_426/lpcxpresso/tools/bin/../lib/gcc/arm-none-eabi/4.9.3/../../../../arm-none-eabi/lib/armv7-m\libc.a(lib_a-snprintf.o)
                0x00004ff8                snprintf
 .text._svfprintf_r
                0x00005090     0x14f4 c:/nxp/lpcxpresso_7.8.0_426/lpcxpresso/tools/bin/../lib/gcc/arm-none-eabi/4.9.3/../../../../arm-none-eabi/lib/armv7-m\libc.a(lib_a-svfprintf.o)
                0x00005090                _svfprintf_r
 .text.quorem   0x00006584      0x130 c:/nxp/lpcxpresso_7.8.0_426/lpcxpresso/tools/bin/../lib/gcc/arm-none-eabi/4.9.3/../../../../arm-none-eabi/lib/armv7-m\libc.a(lib_a-dtoa.o)
 *fill*         0x000066b4        0x4 
 .text._dtoa_r  0x000066b8      0xea8 c:/nxp/lpcxpresso_7.8.0_426/lpcxpresso/tools/bin/../lib/gcc/arm-none-eabi/4.9.3/../../../../arm-none-eabi/lib/armv7-m\libc.a(lib_a-dtoa.o)
                0x000066b8                _dtoa_r
 .text._malloc_trim_r
                0x00007560       0x9c c:/nxp/lpcxpresso_7.8.0_426/lpcxpresso/tools/bin/../lib/gcc/arm-none-eabi/4.9.3/../../../../arm-none-eabi/lib/armv7-m\libc.a(lib_a-freer.o)
                0x00007560                _malloc_trim_r
 .text._free_r  0x000075fc      0x1b0 c:/nxp/lpcxpresso_7.8.0_426/lpcxpresso/tools/bin/../lib/gcc/arm-none-eabi/4.9.3/../../../../arm-none-eabi/lib/armv7-m\libc.a(lib_a-freer.o)
                0x000075fc                _free_r
 .text._localeconv_r
                0x000077ac        0x8 c:/nxp/lpcxpresso_7.8.0_426/lpcxpresso/tools/bin/../lib/gcc/arm-none-eabi/4.9.3/../../../../arm-none-eabi/lib/armv7-m\libc.a(lib_a-locale.o)
                0x000077ac                _localeconv_r
 .text._malloc_r
                0x000077b4      0x50c c:/nxp/lpcxpresso_7.8.0_426/lpcxpresso/tools/bin/../lib/gcc/arm-none-eabi/4.9.3/../../../../arm-none-eabi/lib/armv7-m\libc.a(lib_a-mallocr.o)
                0x000077b4                _malloc_r
 .text.memchr   0x00007cc0       0x94 c:/nxp/lpcxpresso_7.8.0_426/lpcxpresso/tools/bin/../lib/gcc/arm-none-eabi/4.9.3/../../../../arm-none-eabi/lib/armv7-m\libc.a(lib_a-memchr.o)
                0x00007cc0                memchr
 .text          0x00007d54       0xec c:/nxp/lpcxpresso_7.8.0_426/lpcxpresso/tools/bin/../lib/gcc/arm-none-eabi/4.9.3/../../../../arm-none-eabi/lib/armv7-m\libc.a(lib_a-memcpy.o)
                0x00007d54                memcpy
 .text.__malloc_lock
                0x00007e40        0x4 c:/nxp/lpcxpresso_7.8.0_426/lpcxpresso/tools/bin/../lib/gcc/arm-none-eabi/4.9.3/../../../../arm-none-eabi/lib/armv7-m\libc.a(lib_a-mlock.o)
                0x00007e40                __malloc_lock
 .text.__malloc_unlock
                0x00007e44        0x4 c:/nxp/lpcxpresso_7.8.0_426/lpcxpresso/tools/bin/../lib/gcc/arm-none-eabi/4.9.3/../../../../arm-none-eabi/lib/armv7-m\libc.a(lib_a-mlock.o)
                0x00007e44                __malloc_unlock
 .text._Balloc  0x00007e48       0x50 c:/nxp/lpcxpresso_7.8.0_426/lpcxpresso/tools/bin/../lib/gcc/arm-none-eabi/4.9.3/../../../../arm-none-eabi/lib/armv7-m\libc.a(lib_a-mprec.o)
                0x00007e48                _Balloc
 .text._Bfree   0x00007e98       0x14 c:/nxp/lpcxpresso_7.8.0_426/lpcxpresso/tools/bin/../lib/gcc/arm-none-eabi/4.9.3/../../../../arm-none-eabi/lib/armv7-m\libc.a(lib_a-mprec.o)
                0x00007e98                _Bfree
 .text.__multadd
                0x00007eac       0x84 c:/nxp/lpcxpresso_7.8.0_426/lpcxpresso/tools/bin/../lib/gcc/arm-none-eabi/4.9.3/../../../../arm-none-eabi/lib/armv7-m\libc.a(lib_a-mprec.o)
                0x00007eac                __multadd
 .text.__hi0bits
                0x00007f30       0x40 c:/nxp/lpcxpresso_7.8.0_426/lpcxpresso/tools/bin/../lib/gcc/arm-none-eabi/4.9.3/../../../../arm-none-eabi/lib/armv7-m\libc.a(lib_a-mprec.o)
                0x00007f30                __hi0bits
 .text.__lo0bits
                0x00007f70       0x5c c:/nxp/lpcxpresso_7.8.0_426/lpcxpresso/tools/bin/../lib/gcc/arm-none-eabi/4.9.3/../../../../arm-none-eabi/lib/armv7-m\libc.a(lib_a-mprec.o)
                0x00007f70                __lo0bits
 .text.__i2b    0x00007fcc       0x14 c:/nxp/lpcxpresso_7.8.0_426/lpcxpresso/tools/bin/../lib/gcc/arm-none-eabi/4.9.3/../../../../arm-none-eabi/lib/armv7-m\libc.a(lib_a-mprec.o)
                0x00007fcc                __i2b
 .text.__multiply
                0x00007fe0      0x140 c:/nxp/lpcxpresso_7.8.0_426/lpcxpresso/tools/bin/../lib/gcc/arm-none-eabi/4.9.3/../../../../arm-none-eabi/lib/armv7-m\libc.a(lib_a-mprec.o)
                0x00007fe0                __multiply
 .text.__pow5mult
                0x00008120       0xa0 c:/nxp/lpcxpresso_7.8.0_426/lpcxpresso/tools/bin/../lib/gcc/arm-none-eabi/4.9.3/../../../../arm-none-eabi/lib/armv7-m\libc.a(lib_a-mprec.o)
                0x00008120                __pow5mult
 .text.__lshift
                0x000081c0       0xb0 c:/nxp/lpcxpresso_7.8.0_426/lpcxpresso/tools/bin/../lib/gcc/arm-none-eabi/4.9.3/../../../../arm-none-eabi/lib/armv7-m\libc.a(lib_a-mprec.o)
                0x000081c0                __lshift
 .text.__mcmp   0x00008270       0x48 c:/nxp/lpcxpresso_7.8.0_426/lpcxpresso/tools/bin/../lib/gcc/arm-none-eabi/4.9.3/../../../../arm-none-eabi/lib/armv7-m\libc.a(lib_a-mprec.o)
                0x00008270                __mcmp
 .text.__mdiff  0x000082b8       0xe4 c:/nxp/lpcxpresso_7.8.0_426/lpcxpresso/tools/bin/../lib/gcc/arm-none-eabi/4.9.3/../../../../arm-none-eabi/lib/armv7-m\libc.a(lib_a-mprec.o)
                0x000082b8                __mdiff
 .text.__d2b    0x0000839c       0xa8 c:/nxp/lpcxpresso_7.8.0_426/lpcxpresso/tools/bin/../lib/gcc/arm-none-eabi/4.9.3/../../../../arm-none-eabi/lib/armv7-m\libc.a(lib_a-mprec.o)
                0x0000839c                __d2b
 .text.__fpclassifyd
                0x00008444       0x58 c:/nxp/lpcxpresso_7.8.0_426/lpcxpresso/tools/bin/../lib/gcc/arm-none-eabi/4.9.3/../../../../arm-none-eabi/lib/armv7-m\libc.a(lib_a-s_fpclassify.o)
                0x00008444                __fpclassifyd
 .text._sbrk_r  0x0000849c       0x24 c:/nxp/lpcxpresso_7.8.0_426/lpcxpresso/tools/bin/../lib/gcc/arm-none-eabi/4.9.3/../../../../arm-none-eabi/lib/armv7-m\libc.a(lib_a-sbrkr.o)
                0x0000849c                _sbrk_r
 .text.strlen   0x000084c0       0x5c c:/nxp/lpcxpresso_7.8.0_426/lpcxpresso/tools/bin/../lib/gcc/arm-none-eabi/4.9.3/../../../../arm-none-eabi/lib/armv7-m\libc.a(lib_a-strlen.o)
                0x000084c0                strlen
 .text.__ssprint_r
                0x0000851c      0x104 c:/nxp/lpcxpresso_7.8.0_426/lpcxpresso/tools/bin/../lib/gcc/arm-none-eabi/4.9.3/../../../../arm-none-eabi/lib/armv7-m\libc.a(lib_a-svfiprintf.o)
                0x0000851c                __ssprint_r
 .text._calloc_r
                0x00008620       0x60 c:/nxp/lpcxpresso_7.8.0_426/lpcxpresso/tools/bin/../lib/gcc/arm-none-eabi/4.9.3/../../../../arm-none-eabi/lib/armv7-m\libc.a(lib_a-callocr.o)
                0x00008620                _calloc_r
 .text.memmove  0x00008680       0xc8 c:/nxp/lpcxpresso_7.8.0_426/lpcxpresso/tools/bin/../lib/gcc/arm-none-eabi/4.9.3/../../../../arm-none-eabi/lib/armv7-m\libc.a(lib_a-memmove.o)
                0x00008680                memmove
 .text._realloc_r
                0x00008748      0x3e0 c:/nxp/lpcxpresso_7.8.0_426/lpcxpresso/tools/bin/../lib/gcc/arm-none-eabi/4.9.3/../../../../arm-none-eabi/lib/armv7-m\libc.a(lib_a-reallocr.o)
                0x00008748                _realloc_r
 .text          0x00008b28      0x110 c:/nxp/lpcxpresso_7.8.0_426/lpcxpresso/tools/bin/../lib/gcc/arm-none-eabi/4.9.3/armv7-m\libgcc.a(_arm_cmpdf2.o)
                0x00008b28                __gtdf2
                0x00008b28                __gedf2
                0x00008b30                __ltdf2
                0x00008b30                __ledf2
                0x00008b38                __nedf2
                0x00008b38                __eqdf2
                0x00008b38                __cmpdf2
                0x00008bb4                __aeabi_cdrcmple
                0x00008bc4                __aeabi_cdcmpeq
                0x00008bc4                __aeabi_cdcmple
                0x00008bd4                __aeabi_dcmpeq
                0x00008be8                __aeabi_dcmplt
                0x00008bfc                __aeabi_dcmple
                0x00008c10                __aeabi_dcmpge
                0x00008c24                __aeabi_dcmpgt
 .text          0x00008c38       0x50 c:/nxp/lpcxpresso_7.8.0_426/lpcxpresso/tools/bin/../lib/gcc/arm-none-eabi/4.9.3/armv7-m\libgcc.a(_arm_fixdfsi.o)
                0x00008c38                __aeabi_d2iz
                0x00008c38                __fixdfsi
 *(.rodata .rodata.* .constdata .constdata.*)
 .rodata.Font5x7
                0x00008c88      0x300 ./Source/Font5x7.o
                0x00008c88                Font5x7
 .rodata        0x00008f88      0x1a4 ./Source/Main.o
 .rodata.Font_Mask
                0x0000912c        0x8 ./Source/OLED.o
 .rodata        0x00009134       0xf4 ./Source/Tune.o
 .rodata        0x00009228        0x8 ./Source/new_string.o
 .rodata        0x00009230       0x18 O:\versionNew1st\DFRobot_Interrupts_T1_S1\LibLPC17xx\Debug\libLibLPC17xx.a(LPC17xx_I2C.o)
 .rodata        0x00009248       0x18 O:\versionNew1st\DFRobot_Interrupts_T1_S1\LibLPC17xx\Debug\libLibLPC17xx.a(LPC17xx_SSP.o)
 .rodata.zeroes.6916
                0x00009260       0x10 c:/nxp/lpcxpresso_7.8.0_426/lpcxpresso/tools/bin/../lib/gcc/arm-none-eabi/4.9.3/../../../../arm-none-eabi/lib/armv7-m\libc.a(lib_a-svfprintf.o)
 .rodata.str1.4
                0x00009270       0x42 c:/nxp/lpcxpresso_7.8.0_426/lpcxpresso/tools/bin/../lib/gcc/arm-none-eabi/4.9.3/../../../../arm-none-eabi/lib/armv7-m\libc.a(lib_a-svfprintf.o)
                                 0x44 (size before relaxing)
 *fill*         0x000092b2        0x2 
 .rodata.blanks.6915
                0x000092b4       0x10 c:/nxp/lpcxpresso_7.8.0_426/lpcxpresso/tools/bin/../lib/gcc/arm-none-eabi/4.9.3/../../../../arm-none-eabi/lib/armv7-m\libc.a(lib_a-svfprintf.o)
 .rodata.str1.4
                0x000092c4       0x10 c:/nxp/lpcxpresso_7.8.0_426/lpcxpresso/tools/bin/../lib/gcc/arm-none-eabi/4.9.3/../../../../arm-none-eabi/lib/armv7-m\libc.a(lib_a-dtoa.o)
                                 0x14 (size before relaxing)
 .rodata.str1.4
                0x000092d4        0x2 c:/nxp/lpcxpresso_7.8.0_426/lpcxpresso/tools/bin/../lib/gcc/arm-none-eabi/4.9.3/../../../../arm-none-eabi/lib/armv7-m\libc.a(lib_a-impure.o)
                                  0x4 (size before relaxing)
 *fill*         0x000092d6        0x2 
 .rodata.str1.4
                0x000092d8        0xc c:/nxp/lpcxpresso_7.8.0_426/lpcxpresso/tools/bin/../lib/gcc/arm-none-eabi/4.9.3/../../../../arm-none-eabi/lib/armv7-m\libc.a(lib_a-locale.o)
                                 0x14 (size before relaxing)
 .rodata.p05.5296
                0x000092e4        0xc c:/nxp/lpcxpresso_7.8.0_426/lpcxpresso/tools/bin/../lib/gcc/arm-none-eabi/4.9.3/../../../../arm-none-eabi/lib/armv7-m\libc.a(lib_a-mprec.o)
 .rodata.__mprec_tens
                0x000092f0       0xc8 c:/nxp/lpcxpresso_7.8.0_426/lpcxpresso/tools/bin/../lib/gcc/arm-none-eabi/4.9.3/../../../../arm-none-eabi/lib/armv7-m\libc.a(lib_a-mprec.o)
                0x000092f0                __mprec_tens
 .rodata.__mprec_bigtens
                0x000093b8       0x28 c:/nxp/lpcxpresso_7.8.0_426/lpcxpresso/tools/bin/../lib/gcc/arm-none-eabi/4.9.3/../../../../arm-none-eabi/lib/armv7-m\libc.a(lib_a-mprec.o)
                0x000093b8                __mprec_bigtens
                0x000093e0                . = ALIGN (0x4)

.glue_7         0x000093e0        0x0
 .glue_7        0x00000000        0x0 linker stubs

.glue_7t        0x000093e0        0x0
 .glue_7t       0x00000000        0x0 linker stubs

.vfp11_veneer   0x000093e0        0x0
 .vfp11_veneer  0x00000000        0x0 linker stubs

.v4_bx          0x000093e0        0x0
 .v4_bx         0x00000000        0x0 linker stubs

.iplt           0x000093e0        0x0
 .iplt          0x00000000        0x0 ./Source/Buttons.o

.ARM.extab
 *(.ARM.extab* .gnu.linkonce.armextab.*)
                0x000093e0                __exidx_start = .

.ARM.exidx      0x000093e0        0x8
 *(.ARM.exidx* .gnu.linkonce.armexidx.*)
 .ARM.exidx     0x000093e0        0x8 c:/nxp/lpcxpresso_7.8.0_426/lpcxpresso/tools/bin/../lib/gcc/arm-none-eabi/4.9.3/armv7-m\libgcc.a(_divdi3.o)
 .ARM.exidx     0x000093e8        0x0 c:/nxp/lpcxpresso_7.8.0_426/lpcxpresso/tools/bin/../lib/gcc/arm-none-eabi/4.9.3/armv7-m\libgcc.a(_udivdi3.o)
                                  0x8 (size before relaxing)
                0x000093e8                __exidx_end = .
                0x000093e8                _etext = .

.rel.dyn        0x000093e8        0x0
 .rel.iplt      0x00000000        0x0 ./Source/Buttons.o

.data_RAM2      0x2007c000        0x0 load address 0x000093e8
 FILL mask 0xff
                0x2007c000                PROVIDE (__start_data_RAM2, .)
 *(.ramfunc.$RAM2)
 *(.ramfunc.$RamAHB32)
 *(.data.$RAM2*)
 *(.data.$RamAHB32*)
                0x2007c000                . = ALIGN (0x4)
                0x2007c000                PROVIDE (__end_data_RAM2, .)

.uninit_RESERVED
                0x10000000        0x0
 *(.bss.$RESERVED*)
                0x10000000                . = ALIGN (0x4)
                0x10000000                _end_uninit_RESERVED = .

.data           0x10000000      0xa04 load address 0x000093e8
 FILL mask 0xff
                0x10000000                _data = .
 *(vtable)
 *(.ramfunc*)
 *(.data*)
 .data.Tune_SampleSongs
                0x10000000        0x8 ./Source/Main.o
 .data.Gear     0x10000008        0x1 ./Source/Main.o
                0x10000008                Gear
 *fill*         0x10000009        0x3 
 .data.mode_name
                0x1000000c        0xc ./Source/Main.o
                0x1000000c                mode_name
 .data.i        0x10000018        0x2 ./Source/Main.o
                0x10000018                i
 .data.STATE    0x1000001a        0x1 ./Source/Main.o
                0x1000001a                STATE
 *fill*         0x1000001b        0x1 
 .data.play_name
                0x1000001c        0xc ./Source/Main.o
                0x1000001c                play_name
 .data.pitchState
                0x10000028       0x14 ./Source/Main.o
                0x10000028                pitchState
 .data.tempoState
                0x1000003c       0x14 ./Source/Main.o
                0x1000003c                tempoState
 .data.j        0x10000050        0x1 ./Source/Main.o
 .data.n        0x10000051        0x1 ./Source/Main.o
 .data.DSTATE   0x10000052        0x1 ./Source/Main.o
                0x10000052                DSTATE
 *fill*         0x10000053        0x1 
 .data.drive_name
                0x10000054       0x14 ./Source/Main.o
                0x10000054                drive_name
 .data.string   0x10000068        0x4 ./Source/Main.o
                0x10000068                string
 .data.string2  0x1000006c        0x4 ./Source/Main.o
                0x1000006c                string2
 .data.CharacterMap
                0x10000070       0x50 ./Source/SevenSegment.o
 .data.Notes    0x100000c0       0x38 ./Source/Tune.o
 .data.TempoScaling
                0x100000f8       0x40 ./Source/Tune.o
 .data.k        0x10000138        0x1 ./Source/Tune.o
 *fill*         0x10000139        0x7 
 .data.PitchScaling
                0x10000140       0x40 ./Source/Tune.o
 .data.m        0x10000180        0x1 ./Source/Tune.o
 *fill*         0x10000181        0x3 
 .data.repeat   0x10000184        0x4 ./Source/Tune.o
 .data.DFR_PWMRate
                0x10000188        0x1 ./Source/dfrobot.o
                0x10000188                DFR_PWMRate
 .data.DFR_Gear
                0x10000189        0x1 ./Source/dfrobot.o
                0x10000189                DFR_Gear
 *fill*         0x1000018a        0x2 
 .data.SystemCoreClock
                0x1000018c        0x4 O:\versionNew1st\DFRobot_Interrupts_T1_S1\LibCMSIS\Debug\libLibCMSIS.a(System_LPC17xx.o)
                0x1000018c                SystemCoreClock
 .data.impure_data
                0x10000190      0x428 c:/nxp/lpcxpresso_7.8.0_426/lpcxpresso/tools/bin/../lib/gcc/arm-none-eabi/4.9.3/../../../../arm-none-eabi/lib/armv7-m\libc.a(lib_a-impure.o)
 .data._impure_ptr
                0x100005b8        0x4 c:/nxp/lpcxpresso_7.8.0_426/lpcxpresso/tools/bin/../lib/gcc/arm-none-eabi/4.9.3/../../../../arm-none-eabi/lib/armv7-m\libc.a(lib_a-impure.o)
                0x100005b8                _impure_ptr
 .data.lconv    0x100005bc       0x38 c:/nxp/lpcxpresso_7.8.0_426/lpcxpresso/tools/bin/../lib/gcc/arm-none-eabi/4.9.3/../../../../arm-none-eabi/lib/armv7-m\libc.a(lib_a-locale.o)
 .data.__malloc_av_
                0x100005f4      0x408 c:/nxp/lpcxpresso_7.8.0_426/lpcxpresso/tools/bin/../lib/gcc/arm-none-eabi/4.9.3/../../../../arm-none-eabi/lib/armv7-m\libc.a(lib_a-mallocr.o)
                0x100005f4                __malloc_av_
 .data.__malloc_trim_threshold
                0x100009fc        0x4 c:/nxp/lpcxpresso_7.8.0_426/lpcxpresso/tools/bin/../lib/gcc/arm-none-eabi/4.9.3/../../../../arm-none-eabi/lib/armv7-m\libc.a(lib_a-mallocr.o)
                0x100009fc                __malloc_trim_threshold
 .data.__malloc_sbrk_base
                0x10000a00        0x4 c:/nxp/lpcxpresso_7.8.0_426/lpcxpresso/tools/bin/../lib/gcc/arm-none-eabi/4.9.3/../../../../arm-none-eabi/lib/armv7-m\libc.a(lib_a-mallocr.o)
                0x10000a00                __malloc_sbrk_base
                0x10000a04                . = ALIGN (0x4)
                0x10000a04                _edata = .

.igot.plt       0x10000a04        0x0 load address 0x00009dec
 .igot.plt      0x00000000        0x0 ./Source/Buttons.o

.bss_RAM2       0x2007c000        0x0
                0x2007c000                PROVIDE (__start_bss_RAM2, .)
 *(.bss.$RAM2*)
 *(.bss.$RamAHB32*)
                0x2007c000                . = ALIGN (0x4)
                0x2007c000                PROVIDE (__end_bss_RAM2, .)

.bss            0x10000a04      0x398
                0x10000a04                _bss = .
 *(.bss*)
 .bss.MODE      0x10000a04        0x1 ./Source/Main.o
                0x10000a04                MODE
 *fill*         0x10000a05        0x3 
 .bss.tPin      0x10000a08        0x4 ./Source/Main.o
                0x10000a08                tPin
 .bss.wheelDistance
                0x10000a0c        0x4 ./Source/Main.o
 .bss.oneSecond
                0x10000a10        0x4 ./Source/Main.o
                0x10000a10                oneSecond
 .bss.heap_end.4110
                0x10000a14        0x4 ./Source/NoSystem.o
 .bss.ShadowFB  0x10000a18      0x300 ./Source/OLED.o
 .bss.SongStringPointer
                0x10000d18        0x4 ./Source/Tune.o
 .bss.CurrentNote
                0x10000d1c        0x4 ./Source/Tune.o
 .bss.CurrentDuration
                0x10000d20        0x4 ./Source/Tune.o
 .bss.CurrentPause
                0x10000d24        0x4 ./Source/Tune.o
 .bss.initialised
                0x10000d28        0x4 ./Source/Tune.o
 .bss.RightWheelCount
                0x10000d2c        0x1 ./Source/dfrobot.o
                0x10000d2c                RightWheelCount
 .bss.RightWheelDestination
                0x10000d2d        0x1 ./Source/dfrobot.o
                0x10000d2d                RightWheelDestination
 .bss.LeftWheelCount
                0x10000d2e        0x1 ./Source/dfrobot.o
                0x10000d2e                LeftWheelCount
 .bss.LeftWheelDestination
                0x10000d2f        0x1 ./Source/dfrobot.o
                0x10000d2f                LeftWheelDestination
 .bss.blink0Shadow
                0x10000d30        0x2 ./Source/pca9532.o
 .bss.blink1Shadow
                0x10000d32        0x2 ./Source/pca9532.o
 .bss.ledStateShadow
                0x10000d34        0x2 ./Source/pca9532.o
 *fill*         0x10000d36        0x2 
 .bss.i2cdat    0x10000d38       0x18 O:\versionNew1st\DFRobot_Interrupts_T1_S1\LibLPC17xx\Debug\libLibLPC17xx.a(LPC17xx_I2C.o)
 .bss.__malloc_max_total_mem
                0x10000d50        0x4 c:/nxp/lpcxpresso_7.8.0_426/lpcxpresso/tools/bin/../lib/gcc/arm-none-eabi/4.9.3/../../../../arm-none-eabi/lib/armv7-m\libc.a(lib_a-mallocr.o)
                0x10000d50                __malloc_max_total_mem
 .bss.__malloc_max_sbrked_mem
                0x10000d54        0x4 c:/nxp/lpcxpresso_7.8.0_426/lpcxpresso/tools/bin/../lib/gcc/arm-none-eabi/4.9.3/../../../../arm-none-eabi/lib/armv7-m\libc.a(lib_a-mallocr.o)
                0x10000d54                __malloc_max_sbrked_mem
 .bss.__malloc_top_pad
                0x10000d58        0x4 c:/nxp/lpcxpresso_7.8.0_426/lpcxpresso/tools/bin/../lib/gcc/arm-none-eabi/4.9.3/../../../../arm-none-eabi/lib/armv7-m\libc.a(lib_a-mallocr.o)
                0x10000d58                __malloc_top_pad
 .bss.__malloc_current_mallinfo
                0x10000d5c       0x28 c:/nxp/lpcxpresso_7.8.0_426/lpcxpresso/tools/bin/../lib/gcc/arm-none-eabi/4.9.3/../../../../arm-none-eabi/lib/armv7-m\libc.a(lib_a-mallocr.o)
                0x10000d5c                __malloc_current_mallinfo
 *(COMMON)
 COMMON         0x10000d84       0x14 ./Source/Main.o
                0x10000d84                endNum
                0x10000d88                runTimeCPU
                0x10000d8c                beginNum
                0x10000d90                ADCval
                0x10000d94                intCount
 COMMON         0x10000d98        0x4 c:/nxp/lpcxpresso_7.8.0_426/lpcxpresso/tools/bin/../lib/gcc/arm-none-eabi/4.9.3/../../../../arm-none-eabi/lib/armv7-m\libc.a(lib_a-reent.o)
                0x10000d98                errno
                0x10000d9c                . = ALIGN (0x4)
                0x10000d9c                _ebss = .
                0x10000d9c                PROVIDE (end, .)

.noinit_RAM2    0x2007c000        0x0
 *(.noinit.$RAM2*)
 *(.noinit.$RamAHB32*)
                0x2007c000                . = ALIGN (0x4)

.noinit         0x10000d9c        0x0
                0x10000d9c                _noinit = .
 *(.noinit*)
                0x10000d9c                . = ALIGN (0x4)
                0x10000d9c                _end_noinit = .
                0x10000d9c                PROVIDE (_pvHeapStart, DEFINED (__user_heap_base)?__user_heap_base:.)
                0x10008000                PROVIDE (_vStackTop, DEFINED (__user_stack_top)?__user_stack_top:(__top_RamLoc32 - 0x0))
OUTPUT(Project.axf elf32-littlearm)

.debug_info     0x00000000     0x88ee
 .debug_info    0x00000000       0x5d ./Source/Font5x7.o
 .debug_info    0x0000005d     0x10b7 ./Source/Main.o
 .debug_info    0x00001114      0x65a ./Source/NoSystem.o
 .debug_info    0x0000176e      0xa6e ./Source/OLED.o
 .debug_info    0x000021dc      0x10e ./Source/RotarySwitch.o
 .debug_info    0x000022ea      0x26d ./Source/SevenSegment.o
 .debug_info    0x00002557      0x1a7 ./Source/Startup.o
 .debug_info    0x000026fe      0x98b ./Source/Tune.o
 .debug_info    0x00003089      0xcec ./Source/dfrobot.o
 .debug_info    0x00003d75      0x126 ./Source/joystick.o
 .debug_info    0x00003e9b       0xf2 ./Source/new_string.o
 .debug_info    0x00003f8d      0x610 ./Source/pca9532.o
 .debug_info    0x0000459d      0x65c O:\versionNew1st\DFRobot_Interrupts_T1_S1\LibLPC17xx\Debug\libLibLPC17xx.a(LPC17xx_ClockPower.o)
 .debug_info    0x00004bf9       0xdb O:\versionNew1st\DFRobot_Interrupts_T1_S1\LibLPC17xx\Debug\libLibLPC17xx.a(LPC17xx_Config.o)
 .debug_info    0x00004cd4      0xd5d O:\versionNew1st\DFRobot_Interrupts_T1_S1\LibLPC17xx\Debug\libLibLPC17xx.a(LPC17xx_GPIO.o)
 .debug_info    0x00005a31      0xe46 O:\versionNew1st\DFRobot_Interrupts_T1_S1\LibLPC17xx\Debug\libLibLPC17xx.a(LPC17xx_I2C.o)
 .debug_info    0x00006877      0x56b O:\versionNew1st\DFRobot_Interrupts_T1_S1\LibLPC17xx\Debug\libLibLPC17xx.a(LPC17xx_LED2.o)
 .debug_info    0x00006de2      0x478 O:\versionNew1st\DFRobot_Interrupts_T1_S1\LibLPC17xx\Debug\libLibLPC17xx.a(LPC17xx_PinSelect.o)
 .debug_info    0x0000725a      0x731 O:\versionNew1st\DFRobot_Interrupts_T1_S1\LibLPC17xx\Debug\libLibLPC17xx.a(LPC17xx_SSP.o)
 .debug_info    0x0000798b      0x245 O:\versionNew1st\DFRobot_Interrupts_T1_S1\LibLPC17xx\Debug\libLibLPC17xx.a(LPC17xx_SysTick.o)
 .debug_info    0x00007bd0      0x838 O:\versionNew1st\DFRobot_Interrupts_T1_S1\LibLPC17xx\Debug\libLibLPC17xx.a(LPC17xx_Timer.o)
 .debug_info    0x00008408      0x4e6 O:\versionNew1st\DFRobot_Interrupts_T1_S1\LibCMSIS\Debug\libLibCMSIS.a(System_LPC17xx.o)

.debug_abbrev   0x00000000     0x1fcb
 .debug_abbrev  0x00000000       0x48 ./Source/Font5x7.o
 .debug_abbrev  0x00000048      0x2d9 ./Source/Main.o
 .debug_abbrev  0x00000321      0x11d ./Source/NoSystem.o
 .debug_abbrev  0x0000043e      0x1f8 ./Source/OLED.o
 .debug_abbrev  0x00000636       0xa4 ./Source/RotarySwitch.o
 .debug_abbrev  0x000006da      0x110 ./Source/SevenSegment.o
 .debug_abbrev  0x000007ea       0xb9 ./Source/Startup.o
 .debug_abbrev  0x000008a3      0x2e0 ./Source/Tune.o
 .debug_abbrev  0x00000b83      0x25c ./Source/dfrobot.o
 .debug_abbrev  0x00000ddf       0x95 ./Source/joystick.o
 .debug_abbrev  0x00000e74       0x84 ./Source/new_string.o
 .debug_abbrev  0x00000ef8      0x1d3 ./Source/pca9532.o
 .debug_abbrev  0x000010cb      0x1ca O:\versionNew1st\DFRobot_Interrupts_T1_S1\LibLPC17xx\Debug\libLibLPC17xx.a(LPC17xx_ClockPower.o)
 .debug_abbrev  0x00001295       0x6c O:\versionNew1st\DFRobot_Interrupts_T1_S1\LibLPC17xx\Debug\libLibLPC17xx.a(LPC17xx_Config.o)
 .debug_abbrev  0x00001301      0x20f O:\versionNew1st\DFRobot_Interrupts_T1_S1\LibLPC17xx\Debug\libLibLPC17xx.a(LPC17xx_GPIO.o)
 .debug_abbrev  0x00001510      0x27f O:\versionNew1st\DFRobot_Interrupts_T1_S1\LibLPC17xx\Debug\libLibLPC17xx.a(LPC17xx_I2C.o)
 .debug_abbrev  0x0000178f      0x107 O:\versionNew1st\DFRobot_Interrupts_T1_S1\LibLPC17xx\Debug\libLibLPC17xx.a(LPC17xx_LED2.o)
 .debug_abbrev  0x00001896      0x127 O:\versionNew1st\DFRobot_Interrupts_T1_S1\LibLPC17xx\Debug\libLibLPC17xx.a(LPC17xx_PinSelect.o)
 .debug_abbrev  0x000019bd      0x1c5 O:\versionNew1st\DFRobot_Interrupts_T1_S1\LibLPC17xx\Debug\libLibLPC17xx.a(LPC17xx_SSP.o)
 .debug_abbrev  0x00001b82      0x122 O:\versionNew1st\DFRobot_Interrupts_T1_S1\LibLPC17xx\Debug\libLibLPC17xx.a(LPC17xx_SysTick.o)
 .debug_abbrev  0x00001ca4      0x1f8 O:\versionNew1st\DFRobot_Interrupts_T1_S1\LibLPC17xx\Debug\libLibLPC17xx.a(LPC17xx_Timer.o)
 .debug_abbrev  0x00001e9c      0x12f O:\versionNew1st\DFRobot_Interrupts_T1_S1\LibCMSIS\Debug\libLibCMSIS.a(System_LPC17xx.o)

.debug_aranges  0x00000000      0x9d0
 .debug_aranges
                0x00000000       0x18 ./Source/Font5x7.o
 .debug_aranges
                0x00000018       0xa0 ./Source/Main.o
 .debug_aranges
                0x000000b8       0xb0 ./Source/NoSystem.o
 .debug_aranges
                0x00000168       0xa0 ./Source/OLED.o
 .debug_aranges
                0x00000208       0x28 ./Source/RotarySwitch.o
 .debug_aranges
                0x00000230       0x28 ./Source/SevenSegment.o
 .debug_aranges
                0x00000258       0x70 ./Source/Startup.o
 .debug_aranges
                0x000002c8       0xa8 ./Source/Tune.o
 .debug_aranges
                0x00000370      0x118 ./Source/dfrobot.o
 .debug_aranges
                0x00000488       0x28 ./Source/joystick.o
 .debug_aranges
                0x000004b0       0x20 ./Source/new_string.o
 .debug_aranges
                0x000004d0       0x80 ./Source/pca9532.o
 .debug_aranges
                0x00000550       0x58 O:\versionNew1st\DFRobot_Interrupts_T1_S1\LibLPC17xx\Debug\libLibLPC17xx.a(LPC17xx_ClockPower.o)
 .debug_aranges
                0x000005a8       0x20 O:\versionNew1st\DFRobot_Interrupts_T1_S1\LibLPC17xx\Debug\libLibLPC17xx.a(LPC17xx_Config.o)
 .debug_aranges
                0x000005c8       0xf8 O:\versionNew1st\DFRobot_Interrupts_T1_S1\LibLPC17xx\Debug\libLibLPC17xx.a(LPC17xx_GPIO.o)
 .debug_aranges
                0x000006c0       0xe0 O:\versionNew1st\DFRobot_Interrupts_T1_S1\LibLPC17xx\Debug\libLibLPC17xx.a(LPC17xx_I2C.o)
 .debug_aranges
                0x000007a0       0x38 O:\versionNew1st\DFRobot_Interrupts_T1_S1\LibLPC17xx\Debug\libLibLPC17xx.a(LPC17xx_LED2.o)
 .debug_aranges
                0x000007d8       0x48 O:\versionNew1st\DFRobot_Interrupts_T1_S1\LibLPC17xx\Debug\libLibLPC17xx.a(LPC17xx_PinSelect.o)
 .debug_aranges
                0x00000820       0xa8 O:\versionNew1st\DFRobot_Interrupts_T1_S1\LibLPC17xx\Debug\libLibLPC17xx.a(LPC17xx_SSP.o)
 .debug_aranges
                0x000008c8       0x48 O:\versionNew1st\DFRobot_Interrupts_T1_S1\LibLPC17xx\Debug\libLibLPC17xx.a(LPC17xx_SysTick.o)
 .debug_aranges
                0x00000910       0x98 O:\versionNew1st\DFRobot_Interrupts_T1_S1\LibLPC17xx\Debug\libLibLPC17xx.a(LPC17xx_Timer.o)
 .debug_aranges
                0x000009a8       0x28 O:\versionNew1st\DFRobot_Interrupts_T1_S1\LibCMSIS\Debug\libLibCMSIS.a(System_LPC17xx.o)

.debug_macro    0x00000000     0x4e61
 .debug_macro   0x00000000      0x6b0 ./Source/Font5x7.o
 .debug_macro   0x000006b0      0x28f ./Source/Main.o
 .debug_macro   0x0000093f       0x58 ./Source/Main.o
 .debug_macro   0x00000997       0x35 ./Source/Main.o
 .debug_macro   0x000009cc       0x9c ./Source/Main.o
 .debug_macro   0x00000a68       0x16 ./Source/Main.o
 .debug_macro   0x00000a7e       0x4a ./Source/Main.o
 .debug_macro   0x00000ac8       0x97 ./Source/Main.o
 .debug_macro   0x00000b5f      0x29d ./Source/Main.o
 .debug_macro   0x00000dfc       0xef ./Source/Main.o
 .debug_macro   0x00000eeb       0x10 ./Source/Main.o
 .debug_macro   0x00000efb       0x52 ./Source/Main.o
 .debug_macro   0x00000f4d       0x16 ./Source/Main.o
 .debug_macro   0x00000f63       0x43 ./Source/Main.o
 .debug_macro   0x00000fa6      0x180 ./Source/Main.o
 .debug_macro   0x00001126       0x10 ./Source/Main.o
 .debug_macro   0x00001136       0x22 ./Source/Main.o
 .debug_macro   0x00001158       0xbd ./Source/Main.o
 .debug_macro   0x00001215       0x16 ./Source/Main.o
 .debug_macro   0x0000122b      0x196 ./Source/Main.o
 .debug_macro   0x000013c1       0x16 ./Source/Main.o
 .debug_macro   0x000013d7       0x35 ./Source/Main.o
 .debug_macro   0x0000140c       0x5f ./Source/Main.o
 .debug_macro   0x0000146b      0x140 ./Source/Main.o
 .debug_macro   0x000015ab       0x46 ./Source/Main.o
 .debug_macro   0x000015f1      0x2a7 ./Source/Main.o
 .debug_macro   0x00001898      0x1eb ./Source/Main.o
 .debug_macro   0x00001a83       0xee ./Source/Main.o
 .debug_macro   0x00001b71      0x344 ./Source/Main.o
 .debug_macro   0x00001eb5       0xef ./Source/Main.o
 .debug_macro   0x00001fa4       0x4c ./Source/Main.o
 .debug_macro   0x00001ff0       0x34 ./Source/Main.o
 .debug_macro   0x00002024       0x16 ./Source/Main.o
 .debug_macro   0x0000203a       0x1c ./Source/Main.o
 .debug_macro   0x00002056       0x10 ./Source/Main.o
 .debug_macro   0x00002066       0xb2 ./Source/Main.o
 .debug_macro   0x00002118       0x28 ./Source/Main.o
 .debug_macro   0x00002140      0x168 ./Source/NoSystem.o
 .debug_macro   0x000022a8       0x60 ./Source/NoSystem.o
 .debug_macro   0x00002308       0x10 ./Source/NoSystem.o
 .debug_macro   0x00002318      0x166 ./Source/NoSystem.o
 .debug_macro   0x0000247e      0x23b ./Source/NoSystem.o
 .debug_macro   0x000026b9       0x10 ./Source/NoSystem.o
 .debug_macro   0x000026c9       0x10 ./Source/NoSystem.o
 .debug_macro   0x000026d9       0x10 ./Source/NoSystem.o
 .debug_macro   0x000026e9       0xb7 ./Source/NoSystem.o
 .debug_macro   0x000027a0       0x35 ./Source/NoSystem.o
 .debug_macro   0x000027d5      0x121 ./Source/NoSystem.o
 .debug_macro   0x000028f6      0x18d ./Source/OLED.o
 .debug_macro   0x00002a83       0x10 ./Source/OLED.o
 .debug_macro   0x00002a93       0xd5 ./Source/RotarySwitch.o
 .debug_macro   0x00002b68       0xbb ./Source/SevenSegment.o
 .debug_macro   0x00002c23       0x67 ./Source/Startup.o
 .debug_macro   0x00002c8a       0xed ./Source/Tune.o
 .debug_macro   0x00002d77       0xea ./Source/dfrobot.o
 .debug_macro   0x00002e61       0x40 ./Source/dfrobot.o
 .debug_macro   0x00002ea1       0xe9 ./Source/dfrobot.o
 .debug_macro   0x00002f8a      0x146 ./Source/dfrobot.o
 .debug_macro   0x000030d0       0xa5 ./Source/joystick.o
 .debug_macro   0x00003175      0x170 ./Source/new_string.o
 .debug_macro   0x000032e5       0xc3 ./Source/pca9532.o
 .debug_macro   0x000033a8      0x1e5 ./Source/pca9532.o
 .debug_macro   0x0000358d       0x9c O:\versionNew1st\DFRobot_Interrupts_T1_S1\LibLPC17xx\Debug\libLibLPC17xx.a(LPC17xx_ClockPower.o)
 .debug_macro   0x00003629      0x2f6 O:\versionNew1st\DFRobot_Interrupts_T1_S1\LibLPC17xx\Debug\libLibLPC17xx.a(LPC17xx_ClockPower.o)
 .debug_macro   0x0000391f       0x69 O:\versionNew1st\DFRobot_Interrupts_T1_S1\LibLPC17xx\Debug\libLibLPC17xx.a(LPC17xx_Config.o)
 .debug_macro   0x00003988       0xd5 O:\versionNew1st\DFRobot_Interrupts_T1_S1\LibLPC17xx\Debug\libLibLPC17xx.a(LPC17xx_Config.o)
 .debug_macro   0x00003a5d       0xa5 O:\versionNew1st\DFRobot_Interrupts_T1_S1\LibLPC17xx\Debug\libLibLPC17xx.a(LPC17xx_GPIO.o)
 .debug_macro   0x00003b02       0xb7 O:\versionNew1st\DFRobot_Interrupts_T1_S1\LibLPC17xx\Debug\libLibLPC17xx.a(LPC17xx_I2C.o)
 .debug_macro   0x00003bb9      0x1e5 O:\versionNew1st\DFRobot_Interrupts_T1_S1\LibLPC17xx\Debug\libLibLPC17xx.a(LPC17xx_I2C.o)
 .debug_macro   0x00003d9e       0x9c O:\versionNew1st\DFRobot_Interrupts_T1_S1\LibLPC17xx\Debug\libLibLPC17xx.a(LPC17xx_LED2.o)
 .debug_macro   0x00003e3a       0x9c O:\versionNew1st\DFRobot_Interrupts_T1_S1\LibLPC17xx\Debug\libLibLPC17xx.a(LPC17xx_PinSelect.o)
 .debug_macro   0x00003ed6       0xae O:\versionNew1st\DFRobot_Interrupts_T1_S1\LibLPC17xx\Debug\libLibLPC17xx.a(LPC17xx_SSP.o)
 .debug_macro   0x00003f84      0x2a1 O:\versionNew1st\DFRobot_Interrupts_T1_S1\LibLPC17xx\Debug\libLibLPC17xx.a(LPC17xx_SSP.o)
 .debug_macro   0x00004225       0xae O:\versionNew1st\DFRobot_Interrupts_T1_S1\LibLPC17xx\Debug\libLibLPC17xx.a(LPC17xx_SysTick.o)
 .debug_macro   0x000042d3       0x46 O:\versionNew1st\DFRobot_Interrupts_T1_S1\LibLPC17xx\Debug\libLibLPC17xx.a(LPC17xx_SysTick.o)
 .debug_macro   0x00004319       0xb7 O:\versionNew1st\DFRobot_Interrupts_T1_S1\LibLPC17xx\Debug\libLibLPC17xx.a(LPC17xx_Timer.o)
 .debug_macro   0x000043d0       0xe9 O:\versionNew1st\DFRobot_Interrupts_T1_S1\LibLPC17xx\Debug\libLibLPC17xx.a(LPC17xx_Timer.o)
 .debug_macro   0x000044b9      0x13a O:\versionNew1st\DFRobot_Interrupts_T1_S1\LibCMSIS\Debug\libLibCMSIS.a(System_LPC17xx.o)
 .debug_macro   0x000045f3      0x86e O:\versionNew1st\DFRobot_Interrupts_T1_S1\LibCMSIS\Debug\libLibCMSIS.a(System_LPC17xx.o)

.debug_line     0x00000000     0x5e00
 .debug_line    0x00000000       0x7b ./Source/Font5x7.o
 .debug_line    0x0000007b      0x824 ./Source/Main.o
 .debug_line    0x0000089f      0x417 ./Source/NoSystem.o
 .debug_line    0x00000cb6      0x75d ./Source/OLED.o
 .debug_line    0x00001413      0x361 ./Source/RotarySwitch.o
 .debug_line    0x00001774      0x332 ./Source/SevenSegment.o
 .debug_line    0x00001aa6      0x2e4 ./Source/Startup.o
 .debug_line    0x00001d8a      0x4dd ./Source/Tune.o
 .debug_line    0x00002267      0x5cf ./Source/dfrobot.o
 .debug_line    0x00002836      0x318 ./Source/joystick.o
 .debug_line    0x00002b4e      0x30f ./Source/new_string.o
 .debug_line    0x00002e5d      0x448 ./Source/pca9532.o
 .debug_line    0x000032a5      0x391 O:\versionNew1st\DFRobot_Interrupts_T1_S1\LibLPC17xx\Debug\libLibLPC17xx.a(LPC17xx_ClockPower.o)
 .debug_line    0x00003636      0x220 O:\versionNew1st\DFRobot_Interrupts_T1_S1\LibLPC17xx\Debug\libLibLPC17xx.a(LPC17xx_Config.o)
 .debug_line    0x00003856      0x56c O:\versionNew1st\DFRobot_Interrupts_T1_S1\LibLPC17xx\Debug\libLibLPC17xx.a(LPC17xx_GPIO.o)
 .debug_line    0x00003dc2      0x76c O:\versionNew1st\DFRobot_Interrupts_T1_S1\LibLPC17xx\Debug\libLibLPC17xx.a(LPC17xx_I2C.o)
 .debug_line    0x0000452e      0x2eb O:\versionNew1st\DFRobot_Interrupts_T1_S1\LibLPC17xx\Debug\libLibLPC17xx.a(LPC17xx_LED2.o)
 .debug_line    0x00004819      0x331 O:\versionNew1st\DFRobot_Interrupts_T1_S1\LibLPC17xx\Debug\libLibLPC17xx.a(LPC17xx_PinSelect.o)
 .debug_line    0x00004b4a      0x635 O:\versionNew1st\DFRobot_Interrupts_T1_S1\LibLPC17xx\Debug\libLibLPC17xx.a(LPC17xx_SSP.o)
 .debug_line    0x0000517f      0x36e O:\versionNew1st\DFRobot_Interrupts_T1_S1\LibLPC17xx\Debug\libLibLPC17xx.a(LPC17xx_SysTick.o)
 .debug_line    0x000054ed      0x649 O:\versionNew1st\DFRobot_Interrupts_T1_S1\LibLPC17xx\Debug\libLibLPC17xx.a(LPC17xx_Timer.o)
 .debug_line    0x00005b36      0x2ca O:\versionNew1st\DFRobot_Interrupts_T1_S1\LibCMSIS\Debug\libLibCMSIS.a(System_LPC17xx.o)

.debug_str      0x00000000    0x14e57
 .debug_str     0x00000000     0x3276 ./Source/Font5x7.o
                               0x3284 (size before relaxing)
 .debug_str     0x00003276     0xd070 ./Source/Main.o
                               0xf6d9 (size before relaxing)
 .debug_str     0x000102e6      0xb6e ./Source/NoSystem.o
                               0x64f4 (size before relaxing)
 .debug_str     0x00010e54      0x3e2 ./Source/OLED.o
                               0xb5a7 (size before relaxing)
 .debug_str     0x00011236       0xaa ./Source/RotarySwitch.o
                               0x733c (size before relaxing)
 .debug_str     0x000112e0       0xa9 ./Source/SevenSegment.o
                               0x83da (size before relaxing)
 .debug_str     0x00011389      0x131 ./Source/Startup.o
                               0x30c0 (size before relaxing)
 .debug_str     0x000114ba      0x334 ./Source/Tune.o
                               0x7746 (size before relaxing)
 .debug_str     0x000117ee      0xdcd ./Source/dfrobot.o
                               0x8ef9 (size before relaxing)
 .debug_str     0x000125bb       0x3d ./Source/joystick.o
                               0x7317 (size before relaxing)
 .debug_str     0x000125f8       0x2d ./Source/new_string.o
                               0x9f70 (size before relaxing)
 .debug_str     0x00012625      0x28c ./Source/pca9532.o
                               0x7ed3 (size before relaxing)
 .debug_str     0x000128b1     0x1329 O:\versionNew1st\DFRobot_Interrupts_T1_S1\LibLPC17xx\Debug\libLibLPC17xx.a(LPC17xx_ClockPower.o)
                               0x84dc (size before relaxing)
 .debug_str     0x00013bda      0x180 O:\versionNew1st\DFRobot_Interrupts_T1_S1\LibLPC17xx\Debug\libLibLPC17xx.a(LPC17xx_Config.o)
                               0x32a6 (size before relaxing)
 .debug_str     0x00013d5a      0x27c O:\versionNew1st\DFRobot_Interrupts_T1_S1\LibLPC17xx\Debug\libLibLPC17xx.a(LPC17xx_GPIO.o)
                               0x782e (size before relaxing)
 .debug_str     0x00013fd6      0x36f O:\versionNew1st\DFRobot_Interrupts_T1_S1\LibLPC17xx\Debug\libLibLPC17xx.a(LPC17xx_I2C.o)
                               0x9984 (size before relaxing)
 .debug_str     0x00014345       0x49 O:\versionNew1st\DFRobot_Interrupts_T1_S1\LibLPC17xx\Debug\libLibLPC17xx.a(LPC17xx_LED2.o)
                               0x7771 (size before relaxing)
 .debug_str     0x0001438e      0x103 O:\versionNew1st\DFRobot_Interrupts_T1_S1\LibLPC17xx\Debug\libLibLPC17xx.a(LPC17xx_PinSelect.o)
                               0x774d (size before relaxing)
 .debug_str     0x00014491      0x1df O:\versionNew1st\DFRobot_Interrupts_T1_S1\LibLPC17xx\Debug\libLibLPC17xx.a(LPC17xx_SSP.o)
                               0x96ad (size before relaxing)
 .debug_str     0x00014670       0x8c O:\versionNew1st\DFRobot_Interrupts_T1_S1\LibLPC17xx\Debug\libLibLPC17xx.a(LPC17xx_SysTick.o)
                               0x8647 (size before relaxing)
 .debug_str     0x000146fc      0x420 O:\versionNew1st\DFRobot_Interrupts_T1_S1\LibLPC17xx\Debug\libLibLPC17xx.a(LPC17xx_Timer.o)
                               0x94a3 (size before relaxing)
 .debug_str     0x00014b1c      0x33b O:\versionNew1st\DFRobot_Interrupts_T1_S1\LibCMSIS\Debug\libLibCMSIS.a(System_LPC17xx.o)
                               0x733d (size before relaxing)

.comment        0x00000000       0x70
 .comment       0x00000000       0x70 ./Source/Font5x7.o
                                 0x71 (size before relaxing)
 .comment       0x00000000       0x71 ./Source/Main.o
 .comment       0x00000000       0x71 ./Source/NoSystem.o
 .comment       0x00000000       0x71 ./Source/OLED.o
 .comment       0x00000000       0x71 ./Source/RotarySwitch.o
 .comment       0x00000000       0x71 ./Source/SevenSegment.o
 .comment       0x00000000       0x71 ./Source/Startup.o
 .comment       0x00000000       0x71 ./Source/Tune.o
 .comment       0x00000000       0x71 ./Source/dfrobot.o
 .comment       0x00000000       0x71 ./Source/joystick.o
 .comment       0x00000000       0x71 ./Source/new_string.o
 .comment       0x00000000       0x71 ./Source/pca9532.o
 .comment       0x00000000       0x71 O:\versionNew1st\DFRobot_Interrupts_T1_S1\LibLPC17xx\Debug\libLibLPC17xx.a(LPC17xx_ClockPower.o)
 .comment       0x00000000       0x71 O:\versionNew1st\DFRobot_Interrupts_T1_S1\LibLPC17xx\Debug\libLibLPC17xx.a(LPC17xx_Config.o)
 .comment       0x00000000       0x71 O:\versionNew1st\DFRobot_Interrupts_T1_S1\LibLPC17xx\Debug\libLibLPC17xx.a(LPC17xx_GPIO.o)
 .comment       0x00000000       0x71 O:\versionNew1st\DFRobot_Interrupts_T1_S1\LibLPC17xx\Debug\libLibLPC17xx.a(LPC17xx_I2C.o)
 .comment       0x00000000       0x71 O:\versionNew1st\DFRobot_Interrupts_T1_S1\LibLPC17xx\Debug\libLibLPC17xx.a(LPC17xx_LED2.o)
 .comment       0x00000000       0x71 O:\versionNew1st\DFRobot_Interrupts_T1_S1\LibLPC17xx\Debug\libLibLPC17xx.a(LPC17xx_PinSelect.o)
 .comment       0x00000000       0x71 O:\versionNew1st\DFRobot_Interrupts_T1_S1\LibLPC17xx\Debug\libLibLPC17xx.a(LPC17xx_SSP.o)
 .comment       0x00000000       0x71 O:\versionNew1st\DFRobot_Interrupts_T1_S1\LibLPC17xx\Debug\libLibLPC17xx.a(LPC17xx_SysTick.o)
 .comment       0x00000000       0x71 O:\versionNew1st\DFRobot_Interrupts_T1_S1\LibLPC17xx\Debug\libLibLPC17xx.a(LPC17xx_Timer.o)
 .comment       0x00000000       0x71 O:\versionNew1st\DFRobot_Interrupts_T1_S1\LibCMSIS\Debug\libLibCMSIS.a(System_LPC17xx.o)

.ARM.attributes
                0x00000000       0x31
 .ARM.attributes
                0x00000000       0x33 ./Source/Font5x7.o
 .ARM.attributes
                0x00000033       0x33 ./Source/Main.o
 .ARM.attributes
                0x00000066       0x33 ./Source/NoSystem.o
 .ARM.attributes
                0x00000099       0x33 ./Source/OLED.o
 .ARM.attributes
                0x000000cc       0x33 ./Source/RotarySwitch.o
 .ARM.attributes
                0x000000ff       0x33 ./Source/SevenSegment.o
 .ARM.attributes
                0x00000132       0x33 ./Source/Startup.o
 .ARM.attributes
                0x00000165       0x33 ./Source/Tune.o
 .ARM.attributes
                0x00000198       0x33 ./Source/dfrobot.o
 .ARM.attributes
                0x000001cb       0x33 ./Source/joystick.o
 .ARM.attributes
                0x000001fe       0x33 ./Source/new_string.o
 .ARM.attributes
                0x00000231       0x33 ./Source/pca9532.o
 .ARM.attributes
                0x00000264       0x33 O:\versionNew1st\DFRobot_Interrupts_T1_S1\LibLPC17xx\Debug\libLibLPC17xx.a(LPC17xx_ClockPower.o)
 .ARM.attributes
                0x00000297       0x33 O:\versionNew1st\DFRobot_Interrupts_T1_S1\LibLPC17xx\Debug\libLibLPC17xx.a(LPC17xx_Config.o)
 .ARM.attributes
                0x000002ca       0x33 O:\versionNew1st\DFRobot_Interrupts_T1_S1\LibLPC17xx\Debug\libLibLPC17xx.a(LPC17xx_GPIO.o)
 .ARM.attributes
                0x000002fd       0x33 O:\versionNew1st\DFRobot_Interrupts_T1_S1\LibLPC17xx\Debug\libLibLPC17xx.a(LPC17xx_I2C.o)
 .ARM.attributes
                0x00000330       0x33 O:\versionNew1st\DFRobot_Interrupts_T1_S1\LibLPC17xx\Debug\libLibLPC17xx.a(LPC17xx_LED2.o)
 .ARM.attributes
                0x00000363       0x33 O:\versionNew1st\DFRobot_Interrupts_T1_S1\LibLPC17xx\Debug\libLibLPC17xx.a(LPC17xx_PinSelect.o)
 .ARM.attributes
                0x00000396       0x33 O:\versionNew1st\DFRobot_Interrupts_T1_S1\LibLPC17xx\Debug\libLibLPC17xx.a(LPC17xx_SSP.o)
 .ARM.attributes
                0x000003c9       0x33 O:\versionNew1st\DFRobot_Interrupts_T1_S1\LibLPC17xx\Debug\libLibLPC17xx.a(LPC17xx_SysTick.o)
 .ARM.attributes
                0x000003fc       0x33 O:\versionNew1st\DFRobot_Interrupts_T1_S1\LibLPC17xx\Debug\libLibLPC17xx.a(LPC17xx_Timer.o)
 .ARM.attributes
                0x0000042f       0x33 O:\versionNew1st\DFRobot_Interrupts_T1_S1\LibCMSIS\Debug\libLibCMSIS.a(System_LPC17xx.o)
 .ARM.attributes
                0x00000462       0x1d c:/nxp/lpcxpresso_7.8.0_426/lpcxpresso/tools/bin/../lib/gcc/arm-none-eabi/4.9.3/armv7-m\libgcc.a(_arm_addsubdf3.o)
 .ARM.attributes
                0x0000047f       0x1d c:/nxp/lpcxpresso_7.8.0_426/lpcxpresso/tools/bin/../lib/gcc/arm-none-eabi/4.9.3/armv7-m\libgcc.a(_arm_muldivdf3.o)
 .ARM.attributes
                0x0000049c       0x1d c:/nxp/lpcxpresso_7.8.0_426/lpcxpresso/tools/bin/../lib/gcc/arm-none-eabi/4.9.3/armv7-m\libgcc.a(_arm_fixunsdfsi.o)
 .ARM.attributes
                0x000004b9       0x1d c:/nxp/lpcxpresso_7.8.0_426/lpcxpresso/tools/bin/../lib/gcc/arm-none-eabi/4.9.3/armv7-m\libgcc.a(_arm_addsubsf3.o)
 .ARM.attributes
                0x000004d6       0x1d c:/nxp/lpcxpresso_7.8.0_426/lpcxpresso/tools/bin/../lib/gcc/arm-none-eabi/4.9.3/armv7-m\libgcc.a(_arm_muldivsf3.o)
 .ARM.attributes
                0x000004f3       0x1d c:/nxp/lpcxpresso_7.8.0_426/lpcxpresso/tools/bin/../lib/gcc/arm-none-eabi/4.9.3/armv7-m\libgcc.a(_arm_cmpsf2.o)
 .ARM.attributes
                0x00000510       0x1d c:/nxp/lpcxpresso_7.8.0_426/lpcxpresso/tools/bin/../lib/gcc/arm-none-eabi/4.9.3/armv7-m\libgcc.a(_arm_fixunssfsi.o)
 .ARM.attributes
                0x0000052d       0x1d c:/nxp/lpcxpresso_7.8.0_426/lpcxpresso/tools/bin/../lib/gcc/arm-none-eabi/4.9.3/armv7-m\libgcc.a(_aeabi_uldivmod.o)
 .ARM.attributes
                0x0000054a       0x2d c:/nxp/lpcxpresso_7.8.0_426/lpcxpresso/tools/bin/../lib/gcc/arm-none-eabi/4.9.3/armv7-m\libgcc.a(bpabi.o)
 .ARM.attributes
                0x00000577       0x1d c:/nxp/lpcxpresso_7.8.0_426/lpcxpresso/tools/bin/../lib/gcc/arm-none-eabi/4.9.3/armv7-m\libgcc.a(_dvmd_tls.o)
 .ARM.attributes
                0x00000594       0x2d c:/nxp/lpcxpresso_7.8.0_426/lpcxpresso/tools/bin/../lib/gcc/arm-none-eabi/4.9.3/armv7-m\libgcc.a(_divdi3.o)
 .ARM.attributes
                0x000005c1       0x2d c:/nxp/lpcxpresso_7.8.0_426/lpcxpresso/tools/bin/../lib/gcc/arm-none-eabi/4.9.3/armv7-m\libgcc.a(_udivdi3.o)
 .ARM.attributes
                0x000005ee       0x2d c:/nxp/lpcxpresso_7.8.0_426/lpcxpresso/tools/bin/../lib/gcc/arm-none-eabi/4.9.3/../../../../arm-none-eabi/lib/armv7-m\libc.a(lib_a-memset.o)
 .ARM.attributes
                0x0000061b       0x2d c:/nxp/lpcxpresso_7.8.0_426/lpcxpresso/tools/bin/../lib/gcc/arm-none-eabi/4.9.3/../../../../arm-none-eabi/lib/armv7-m\libc.a(lib_a-reent.o)
 .ARM.attributes
                0x00000648       0x2d c:/nxp/lpcxpresso_7.8.0_426/lpcxpresso/tools/bin/../lib/gcc/arm-none-eabi/4.9.3/../../../../arm-none-eabi/lib/armv7-m\libc.a(lib_a-snprintf.o)
 .ARM.attributes
                0x00000675       0x2d c:/nxp/lpcxpresso_7.8.0_426/lpcxpresso/tools/bin/../lib/gcc/arm-none-eabi/4.9.3/../../../../arm-none-eabi/lib/armv7-m\libc.a(lib_a-svfprintf.o)
 .ARM.attributes
                0x000006a2       0x2d c:/nxp/lpcxpresso_7.8.0_426/lpcxpresso/tools/bin/../lib/gcc/arm-none-eabi/4.9.3/../../../../arm-none-eabi/lib/armv7-m\libc.a(lib_a-dtoa.o)
 .ARM.attributes
                0x000006cf       0x2d c:/nxp/lpcxpresso_7.8.0_426/lpcxpresso/tools/bin/../lib/gcc/arm-none-eabi/4.9.3/../../../../arm-none-eabi/lib/armv7-m\libc.a(lib_a-freer.o)
 .ARM.attributes
                0x000006fc       0x2d c:/nxp/lpcxpresso_7.8.0_426/lpcxpresso/tools/bin/../lib/gcc/arm-none-eabi/4.9.3/../../../../arm-none-eabi/lib/armv7-m\libc.a(lib_a-impure.o)
 .ARM.attributes
                0x00000729       0x2d c:/nxp/lpcxpresso_7.8.0_426/lpcxpresso/tools/bin/../lib/gcc/arm-none-eabi/4.9.3/../../../../arm-none-eabi/lib/armv7-m\libc.a(lib_a-locale.o)
 .ARM.attributes
                0x00000756       0x2d c:/nxp/lpcxpresso_7.8.0_426/lpcxpresso/tools/bin/../lib/gcc/arm-none-eabi/4.9.3/../../../../arm-none-eabi/lib/armv7-m\libc.a(lib_a-mallocr.o)
 .ARM.attributes
                0x00000783       0x2d c:/nxp/lpcxpresso_7.8.0_426/lpcxpresso/tools/bin/../lib/gcc/arm-none-eabi/4.9.3/../../../../arm-none-eabi/lib/armv7-m\libc.a(lib_a-memchr.o)
 .ARM.attributes
                0x000007b0       0x1b c:/nxp/lpcxpresso_7.8.0_426/lpcxpresso/tools/bin/../lib/gcc/arm-none-eabi/4.9.3/../../../../arm-none-eabi/lib/armv7-m\libc.a(lib_a-memcpy.o)
 .ARM.attributes
                0x000007cb       0x2d c:/nxp/lpcxpresso_7.8.0_426/lpcxpresso/tools/bin/../lib/gcc/arm-none-eabi/4.9.3/../../../../arm-none-eabi/lib/armv7-m\libc.a(lib_a-mlock.o)
 .ARM.attributes
                0x000007f8       0x2d c:/nxp/lpcxpresso_7.8.0_426/lpcxpresso/tools/bin/../lib/gcc/arm-none-eabi/4.9.3/../../../../arm-none-eabi/lib/armv7-m\libc.a(lib_a-mprec.o)
 .ARM.attributes
                0x00000825       0x2d c:/nxp/lpcxpresso_7.8.0_426/lpcxpresso/tools/bin/../lib/gcc/arm-none-eabi/4.9.3/../../../../arm-none-eabi/lib/armv7-m\libc.a(lib_a-s_fpclassify.o)
 .ARM.attributes
                0x00000852       0x2d c:/nxp/lpcxpresso_7.8.0_426/lpcxpresso/tools/bin/../lib/gcc/arm-none-eabi/4.9.3/../../../../arm-none-eabi/lib/armv7-m\libc.a(lib_a-sbrkr.o)
 .ARM.attributes
                0x0000087f       0x2d c:/nxp/lpcxpresso_7.8.0_426/lpcxpresso/tools/bin/../lib/gcc/arm-none-eabi/4.9.3/../../../../arm-none-eabi/lib/armv7-m\libc.a(lib_a-strlen.o)
 .ARM.attributes
                0x000008ac       0x2d c:/nxp/lpcxpresso_7.8.0_426/lpcxpresso/tools/bin/../lib/gcc/arm-none-eabi/4.9.3/../../../../arm-none-eabi/lib/armv7-m\libc.a(lib_a-svfiprintf.o)
 .ARM.attributes
                0x000008d9       0x2d c:/nxp/lpcxpresso_7.8.0_426/lpcxpresso/tools/bin/../lib/gcc/arm-none-eabi/4.9.3/../../../../arm-none-eabi/lib/armv7-m\libc.a(lib_a-callocr.o)
 .ARM.attributes
                0x00000906       0x2d c:/nxp/lpcxpresso_7.8.0_426/lpcxpresso/tools/bin/../lib/gcc/arm-none-eabi/4.9.3/../../../../arm-none-eabi/lib/armv7-m\libc.a(lib_a-memmove.o)
 .ARM.attributes
                0x00000933       0x2d c:/nxp/lpcxpresso_7.8.0_426/lpcxpresso/tools/bin/../lib/gcc/arm-none-eabi/4.9.3/../../../../arm-none-eabi/lib/armv7-m\libc.a(lib_a-reallocr.o)
 .ARM.attributes
                0x00000960       0x1d c:/nxp/lpcxpresso_7.8.0_426/lpcxpresso/tools/bin/../lib/gcc/arm-none-eabi/4.9.3/armv7-m\libgcc.a(_arm_cmpdf2.o)
 .ARM.attributes
                0x0000097d       0x1d c:/nxp/lpcxpresso_7.8.0_426/lpcxpresso/tools/bin/../lib/gcc/arm-none-eabi/4.9.3/armv7-m\libgcc.a(_arm_fixdfsi.o)

.debug_ranges   0x00000000      0x868
 .debug_ranges  0x00000000       0x90 ./Source/Main.o
 .debug_ranges  0x00000090       0xa0 ./Source/NoSystem.o
 .debug_ranges  0x00000130       0x90 ./Source/OLED.o
 .debug_ranges  0x000001c0       0x18 ./Source/RotarySwitch.o
 .debug_ranges  0x000001d8       0x18 ./Source/SevenSegment.o
 .debug_ranges  0x000001f0       0x60 ./Source/Startup.o
 .debug_ranges  0x00000250       0x98 ./Source/Tune.o
 .debug_ranges  0x000002e8      0x108 ./Source/dfrobot.o
 .debug_ranges  0x000003f0       0x18 ./Source/joystick.o
 .debug_ranges  0x00000408       0x10 ./Source/new_string.o
 .debug_ranges  0x00000418       0x70 ./Source/pca9532.o
 .debug_ranges  0x00000488       0x48 O:\versionNew1st\DFRobot_Interrupts_T1_S1\LibLPC17xx\Debug\libLibLPC17xx.a(LPC17xx_ClockPower.o)
 .debug_ranges  0x000004d0       0x10 O:\versionNew1st\DFRobot_Interrupts_T1_S1\LibLPC17xx\Debug\libLibLPC17xx.a(LPC17xx_Config.o)
 .debug_ranges  0x000004e0       0xe8 O:\versionNew1st\DFRobot_Interrupts_T1_S1\LibLPC17xx\Debug\libLibLPC17xx.a(LPC17xx_GPIO.o)
 .debug_ranges  0x000005c8       0xd0 O:\versionNew1st\DFRobot_Interrupts_T1_S1\LibLPC17xx\Debug\libLibLPC17xx.a(LPC17xx_I2C.o)
 .debug_ranges  0x00000698       0x28 O:\versionNew1st\DFRobot_Interrupts_T1_S1\LibLPC17xx\Debug\libLibLPC17xx.a(LPC17xx_LED2.o)
 .debug_ranges  0x000006c0       0x38 O:\versionNew1st\DFRobot_Interrupts_T1_S1\LibLPC17xx\Debug\libLibLPC17xx.a(LPC17xx_PinSelect.o)
 .debug_ranges  0x000006f8       0x98 O:\versionNew1st\DFRobot_Interrupts_T1_S1\LibLPC17xx\Debug\libLibLPC17xx.a(LPC17xx_SSP.o)
 .debug_ranges  0x00000790       0x38 O:\versionNew1st\DFRobot_Interrupts_T1_S1\LibLPC17xx\Debug\libLibLPC17xx.a(LPC17xx_SysTick.o)
 .debug_ranges  0x000007c8       0x88 O:\versionNew1st\DFRobot_Interrupts_T1_S1\LibLPC17xx\Debug\libLibLPC17xx.a(LPC17xx_Timer.o)
 .debug_ranges  0x00000850       0x18 O:\versionNew1st\DFRobot_Interrupts_T1_S1\LibCMSIS\Debug\libLibCMSIS.a(System_LPC17xx.o)

.debug_frame    0x00000000     0x2cc0
 .debug_frame   0x00000000      0x240 ./Source/Main.o
 .debug_frame   0x00000240      0x2f0 ./Source/NoSystem.o
 .debug_frame   0x00000530      0x290 ./Source/OLED.o
 .debug_frame   0x000007c0       0x50 ./Source/RotarySwitch.o
 .debug_frame   0x00000810       0x50 ./Source/SevenSegment.o
 .debug_frame   0x00000860      0x120 ./Source/Startup.o
 .debug_frame   0x00000980      0x27c ./Source/Tune.o
 .debug_frame   0x00000bfc      0x470 ./Source/dfrobot.o
 .debug_frame   0x0000106c       0x50 ./Source/joystick.o
 .debug_frame   0x000010bc       0x38 ./Source/new_string.o
 .debug_frame   0x000010f4      0x1e8 ./Source/pca9532.o
 .debug_frame   0x000012dc      0x12c O:\versionNew1st\DFRobot_Interrupts_T1_S1\LibLPC17xx\Debug\libLibLPC17xx.a(LPC17xx_ClockPower.o)
 .debug_frame   0x00001408       0x2c O:\versionNew1st\DFRobot_Interrupts_T1_S1\LibLPC17xx\Debug\libLibLPC17xx.a(LPC17xx_Config.o)
 .debug_frame   0x00001434      0x428 O:\versionNew1st\DFRobot_Interrupts_T1_S1\LibLPC17xx\Debug\libLibLPC17xx.a(LPC17xx_GPIO.o)
 .debug_frame   0x0000185c      0x3bc O:\versionNew1st\DFRobot_Interrupts_T1_S1\LibLPC17xx\Debug\libLibLPC17xx.a(LPC17xx_I2C.o)
 .debug_frame   0x00001c18       0x98 O:\versionNew1st\DFRobot_Interrupts_T1_S1\LibLPC17xx\Debug\libLibLPC17xx.a(LPC17xx_LED2.o)
 .debug_frame   0x00001cb0       0xfc O:\versionNew1st\DFRobot_Interrupts_T1_S1\LibLPC17xx\Debug\libLibLPC17xx.a(LPC17xx_PinSelect.o)
 .debug_frame   0x00001dac      0x2a0 O:\versionNew1st\DFRobot_Interrupts_T1_S1\LibLPC17xx\Debug\libLibLPC17xx.a(LPC17xx_SSP.o)
 .debug_frame   0x0000204c       0xe0 O:\versionNew1st\DFRobot_Interrupts_T1_S1\LibLPC17xx\Debug\libLibLPC17xx.a(LPC17xx_SysTick.o)
 .debug_frame   0x0000212c      0x258 O:\versionNew1st\DFRobot_Interrupts_T1_S1\LibLPC17xx\Debug\libLibLPC17xx.a(LPC17xx_Timer.o)
 .debug_frame   0x00002384       0x58 O:\versionNew1st\DFRobot_Interrupts_T1_S1\LibCMSIS\Debug\libLibCMSIS.a(System_LPC17xx.o)
 .debug_frame   0x000023dc       0x28 c:/nxp/lpcxpresso_7.8.0_426/lpcxpresso/tools/bin/../lib/gcc/arm-none-eabi/4.9.3/armv7-m\libgcc.a(_aeabi_uldivmod.o)
 .debug_frame   0x00002404       0x54 c:/nxp/lpcxpresso_7.8.0_426/lpcxpresso/tools/bin/../lib/gcc/arm-none-eabi/4.9.3/armv7-m\libgcc.a(bpabi.o)
 .debug_frame   0x00002458       0x34 c:/nxp/lpcxpresso_7.8.0_426/lpcxpresso/tools/bin/../lib/gcc/arm-none-eabi/4.9.3/armv7-m\libgcc.a(_divdi3.o)
 .debug_frame   0x0000248c       0x34 c:/nxp/lpcxpresso_7.8.0_426/lpcxpresso/tools/bin/../lib/gcc/arm-none-eabi/4.9.3/armv7-m\libgcc.a(_udivdi3.o)
 .debug_frame   0x000024c0       0x34 c:/nxp/lpcxpresso_7.8.0_426/lpcxpresso/tools/bin/../lib/gcc/arm-none-eabi/4.9.3/../../../../arm-none-eabi/lib/armv7-m\libc.a(lib_a-memset.o)
 .debug_frame   0x000024f4       0x58 c:/nxp/lpcxpresso_7.8.0_426/lpcxpresso/tools/bin/../lib/gcc/arm-none-eabi/4.9.3/../../../../arm-none-eabi/lib/armv7-m\libc.a(lib_a-reent.o)
 .debug_frame   0x0000254c       0xd0 c:/nxp/lpcxpresso_7.8.0_426/lpcxpresso/tools/bin/../lib/gcc/arm-none-eabi/4.9.3/../../../../arm-none-eabi/lib/armv7-m\libc.a(lib_a-snprintf.o)
 .debug_frame   0x0000261c       0x40 c:/nxp/lpcxpresso_7.8.0_426/lpcxpresso/tools/bin/../lib/gcc/arm-none-eabi/4.9.3/../../../../arm-none-eabi/lib/armv7-m\libc.a(lib_a-svfprintf.o)
 .debug_frame   0x0000265c       0x84 c:/nxp/lpcxpresso_7.8.0_426/lpcxpresso/tools/bin/../lib/gcc/arm-none-eabi/4.9.3/../../../../arm-none-eabi/lib/armv7-m\libc.a(lib_a-dtoa.o)
 .debug_frame   0x000026e0       0x74 c:/nxp/lpcxpresso_7.8.0_426/lpcxpresso/tools/bin/../lib/gcc/arm-none-eabi/4.9.3/../../../../arm-none-eabi/lib/armv7-m\libc.a(lib_a-freer.o)
 .debug_frame   0x00002754       0x9c c:/nxp/lpcxpresso_7.8.0_426/lpcxpresso/tools/bin/../lib/gcc/arm-none-eabi/4.9.3/../../../../arm-none-eabi/lib/armv7-m\libc.a(lib_a-locale.o)
 .debug_frame   0x000027f0       0x54 c:/nxp/lpcxpresso_7.8.0_426/lpcxpresso/tools/bin/../lib/gcc/arm-none-eabi/4.9.3/../../../../arm-none-eabi/lib/armv7-m\libc.a(lib_a-mallocr.o)
 .debug_frame   0x00002844       0x3c c:/nxp/lpcxpresso_7.8.0_426/lpcxpresso/tools/bin/../lib/gcc/arm-none-eabi/4.9.3/../../../../arm-none-eabi/lib/armv7-m\libc.a(lib_a-memchr.o)
 .debug_frame   0x00002880       0x30 c:/nxp/lpcxpresso_7.8.0_426/lpcxpresso/tools/bin/../lib/gcc/arm-none-eabi/4.9.3/../../../../arm-none-eabi/lib/armv7-m\libc.a(lib_a-mlock.o)
 .debug_frame   0x000028b0      0x268 c:/nxp/lpcxpresso_7.8.0_426/lpcxpresso/tools/bin/../lib/gcc/arm-none-eabi/4.9.3/../../../../arm-none-eabi/lib/armv7-m\libc.a(lib_a-mprec.o)
 .debug_frame   0x00002b18       0x34 c:/nxp/lpcxpresso_7.8.0_426/lpcxpresso/tools/bin/../lib/gcc/arm-none-eabi/4.9.3/../../../../arm-none-eabi/lib/armv7-m\libc.a(lib_a-s_fpclassify.o)
 .debug_frame   0x00002b4c       0x2c c:/nxp/lpcxpresso_7.8.0_426/lpcxpresso/tools/bin/../lib/gcc/arm-none-eabi/4.9.3/../../../../arm-none-eabi/lib/armv7-m\libc.a(lib_a-sbrkr.o)
 .debug_frame   0x00002b78       0x20 c:/nxp/lpcxpresso_7.8.0_426/lpcxpresso/tools/bin/../lib/gcc/arm-none-eabi/4.9.3/../../../../arm-none-eabi/lib/armv7-m\libc.a(lib_a-strlen.o)
 .debug_frame   0x00002b98       0x78 c:/nxp/lpcxpresso_7.8.0_426/lpcxpresso/tools/bin/../lib/gcc/arm-none-eabi/4.9.3/../../../../arm-none-eabi/lib/armv7-m\libc.a(lib_a-svfiprintf.o)
 .debug_frame   0x00002c10       0x28 c:/nxp/lpcxpresso_7.8.0_426/lpcxpresso/tools/bin/../lib/gcc/arm-none-eabi/4.9.3/../../../../arm-none-eabi/lib/armv7-m\libc.a(lib_a-callocr.o)
 .debug_frame   0x00002c38       0x30 c:/nxp/lpcxpresso_7.8.0_426/lpcxpresso/tools/bin/../lib/gcc/arm-none-eabi/4.9.3/../../../../arm-none-eabi/lib/armv7-m\libc.a(lib_a-memmove.o)
 .debug_frame   0x00002c68       0x58 c:/nxp/lpcxpresso_7.8.0_426/lpcxpresso/tools/bin/../lib/gcc/arm-none-eabi/4.9.3/../../../../arm-none-eabi/lib/armv7-m\libc.a(lib_a-reallocr.o)
